
Passed: 0 Failed: 0 Skipped: 0 (test/empty_file.lox)
Passed: 1 Failed: 0 Skipped: 0 (test/bool/equality.lox)
Passed: 2 Failed: 0 Skipped: 0 (test/bool/not.lox)
Passed: 3 Failed: 0 Skipped: 0 (test/constructor/default_arguments.lox)
FAIL test/constructor/default_arguments.lox
     Expected runtime error 'Expected 0 arguments but got 3.' and got:
     parse error: Unrecognized token `class` found at 1:1
     Expected stack trace and got:
     Expected one of BANG, FALSE, FOR, FUN, IDENTIFIER, IF, LEFT_BRACE, LEFT_PAREN, MINUS, NIL, NUMBER, PRINT, STRING, TRUE, VAR or WHILE
     Expected return code 70 and got 65. Stderr:
     parse error: Unrecognized token `class` found at 1:1
     Expected one of BANG, FALSE, FOR, FUN, IDENTIFIER, IF, LEFT_BRACE, LEFT_PAREN, MINUS, NIL, NUMBER, PRINT, STRING, TRUE, VAR or WHILE


Passed: 3 Failed: 1 Skipped: 0 (test/constructor/extra_arguments.lox)
FAIL test/constructor/extra_arguments.lox
     Expected runtime error 'Expected 2 arguments but got 4.' and got:
     parse error: Unrecognized token `class` found at 1:1
     Expected stack trace and got:
     Expected one of BANG, FALSE, FOR, FUN, IDENTIFIER, IF, LEFT_BRACE, LEFT_PAREN, MINUS, NIL, NUMBER, PRINT, STRING, TRUE, VAR or WHILE
     Expected return code 70 and got 65. Stderr:
     parse error: Unrecognized token `class` found at 1:1
     Expected one of BANG, FALSE, FOR, FUN, IDENTIFIER, IF, LEFT_BRACE, LEFT_PAREN, MINUS, NIL, NUMBER, PRINT, STRING, TRUE, VAR or WHILE


Passed: 3 Failed: 2 Skipped: 0 (test/constructor/call_init_explicitly.lox)
FAIL test/constructor/call_init_explicitly.lox
     Unexpected output on stderr:
     parse error: Unrecognized token `class` found at 1:1
     Unexpected output on stderr:
     Expected one of BANG, FALSE, FOR, FUN, IDENTIFIER, IF, LEFT_BRACE, LEFT_PAREN, MINUS, NIL, NUMBER, PRINT, STRING, TRUE, VAR or WHILE
     Expected return code 0 and got 65. Stderr:
     parse error: Unrecognized token `class` found at 1:1
     Expected one of BANG, FALSE, FOR, FUN, IDENTIFIER, IF, LEFT_BRACE, LEFT_PAREN, MINUS, NIL, NUMBER, PRINT, STRING, TRUE, VAR or WHILE
     Missing expected output 'Foo.init(one)' on line 8.
     Missing expected output 'Foo.init(two)' on line 11.
     Missing expected output 'Foo instance' on line 12.
     Missing expected output 'init' on line 15.


Passed: 3 Failed: 3 Skipped: 0 (test/constructor/return_in_nested_function.lox)
FAIL test/constructor/return_in_nested_function.lox
     Unexpected output on stderr:
     parse error: Unrecognized token `class` found at 1:1
     Unexpected output on stderr:
     Expected one of BANG, FALSE, FOR, FUN, IDENTIFIER, IF, LEFT_BRACE, LEFT_PAREN, MINUS, NIL, NUMBER, PRINT, STRING, TRUE, VAR or WHILE
     Expected return code 0 and got 65. Stderr:
     parse error: Unrecognized token `class` found at 1:1
     Expected one of BANG, FALSE, FOR, FUN, IDENTIFIER, IF, LEFT_BRACE, LEFT_PAREN, MINUS, NIL, NUMBER, PRINT, STRING, TRUE, VAR or WHILE
     Missing expected output 'bar' on line 6.
     Missing expected output 'Foo instance' on line 10.


Passed: 3 Failed: 4 Skipped: 0 (test/constructor/early_return.lox)
FAIL test/constructor/early_return.lox
     Unexpected output on stderr:
     parse error: Unrecognized token `class` found at 1:1
     Unexpected output on stderr:
     Expected one of BANG, FALSE, FOR, FUN, IDENTIFIER, IF, LEFT_BRACE, LEFT_PAREN, MINUS, NIL, NUMBER, PRINT, STRING, TRUE, VAR or WHILE
     Expected return code 0 and got 65. Stderr:
     parse error: Unrecognized token `class` found at 1:1
     Expected one of BANG, FALSE, FOR, FUN, IDENTIFIER, IF, LEFT_BRACE, LEFT_PAREN, MINUS, NIL, NUMBER, PRINT, STRING, TRUE, VAR or WHILE
     Missing expected output 'init' on line 9.
     Missing expected output 'Foo instance' on line 10.


Passed: 3 Failed: 5 Skipped: 0 (test/constructor/call_init_early_return.lox)
FAIL test/constructor/call_init_early_return.lox
     Unexpected output on stderr:
     parse error: Unrecognized token `class` found at 1:1
     Unexpected output on stderr:
     Expected one of BANG, FALSE, FOR, FUN, IDENTIFIER, IF, LEFT_BRACE, LEFT_PAREN, MINUS, NIL, NUMBER, PRINT, STRING, TRUE, VAR or WHILE
     Expected return code 0 and got 65. Stderr:
     parse error: Unrecognized token `class` found at 1:1
     Expected one of BANG, FALSE, FOR, FUN, IDENTIFIER, IF, LEFT_BRACE, LEFT_PAREN, MINUS, NIL, NUMBER, PRINT, STRING, TRUE, VAR or WHILE
     Missing expected output 'init' on line 9.
     Missing expected output 'init' on line 10.
     Missing expected output 'Foo instance' on line 11.


Passed: 3 Failed: 6 Skipped: 0 (test/constructor/arguments.lox)
FAIL test/constructor/arguments.lox
     Unexpected output on stderr:
     parse error: Unrecognized token `class` found at 1:1
     Unexpected output on stderr:
     Expected one of BANG, FALSE, FOR, FUN, IDENTIFIER, IF, LEFT_BRACE, LEFT_PAREN, MINUS, NIL, NUMBER, PRINT, STRING, TRUE, VAR or WHILE
     Expected return code 0 and got 65. Stderr:
     parse error: Unrecognized token `class` found at 1:1
     Expected one of BANG, FALSE, FOR, FUN, IDENTIFIER, IF, LEFT_BRACE, LEFT_PAREN, MINUS, NIL, NUMBER, PRINT, STRING, TRUE, VAR or WHILE
     Missing expected output 'init' on line 3.
     Missing expected output '1' on line 10.
     Missing expected output '2' on line 11.


Passed: 3 Failed: 7 Skipped: 0 (test/constructor/missing_arguments.lox)
FAIL test/constructor/missing_arguments.lox
     Expected runtime error 'Expected 2 arguments but got 1.' and got:
     parse error: Unrecognized token `class` found at 1:1
     Expected stack trace and got:
     Expected one of BANG, FALSE, FOR, FUN, IDENTIFIER, IF, LEFT_BRACE, LEFT_PAREN, MINUS, NIL, NUMBER, PRINT, STRING, TRUE, VAR or WHILE
     Expected return code 70 and got 65. Stderr:
     parse error: Unrecognized token `class` found at 1:1
     Expected one of BANG, FALSE, FOR, FUN, IDENTIFIER, IF, LEFT_BRACE, LEFT_PAREN, MINUS, NIL, NUMBER, PRINT, STRING, TRUE, VAR or WHILE


Passed: 3 Failed: 8 Skipped: 0 (test/constructor/return_value.lox)
FAIL test/constructor/return_value.lox
     Unexpected output on stderr:
     parse error: Unrecognized token `class` found at 1:1
     Unexpected output on stderr:
     Expected one of BANG, FALSE, FOR, FUN, IDENTIFIER, IF, LEFT_BRACE, LEFT_PAREN, MINUS, NIL, NUMBER, PRINT, STRING, TRUE, VAR or WHILE
     Missing expected error: [3] Error at 'return': Can't return a value from an initializer.


Passed: 3 Failed: 9 Skipped: 0 (test/constructor/init_not_method.lox)
FAIL test/constructor/init_not_method.lox
     Unexpected output on stderr:
     parse error: Unrecognized token `class` found at 1:1
     Unexpected output on stderr:
     Expected one of BANG, FALSE, FOR, FUN, IDENTIFIER, IF, LEFT_BRACE, LEFT_PAREN, MINUS, NIL, NUMBER, PRINT, STRING, TRUE, VAR or WHILE
     Expected return code 0 and got 65. Stderr:
     parse error: Unrecognized token `class` found at 1:1
     Expected one of BANG, FALSE, FOR, FUN, IDENTIFIER, IF, LEFT_BRACE, LEFT_PAREN, MINUS, NIL, NUMBER, PRINT, STRING, TRUE, VAR or WHILE
     Missing expected output 'not initializer' on line 12.


Passed: 3 Failed: 10 Skipped: 0 (test/constructor/default.lox)
FAIL test/constructor/default.lox
     Unexpected output on stderr:
     parse error: Unrecognized token `class` found at 1:1
     Unexpected output on stderr:
     Expected one of BANG, FALSE, FOR, FUN, IDENTIFIER, IF, LEFT_BRACE, LEFT_PAREN, MINUS, NIL, NUMBER, PRINT, STRING, TRUE, VAR or WHILE
     Expected return code 0 and got 65. Stderr:
     parse error: Unrecognized token `class` found at 1:1
     Expected one of BANG, FALSE, FOR, FUN, IDENTIFIER, IF, LEFT_BRACE, LEFT_PAREN, MINUS, NIL, NUMBER, PRINT, STRING, TRUE, VAR or WHILE
     Missing expected output 'Foo instance' on line 4.


Passed: 3 Failed: 11 Skipped: 0 (test/call/object.lox)
FAIL test/call/object.lox
     Expected runtime error 'Can only call functions and classes.' and got:
     parse error: Unrecognized token `class` found at 1:1
     Expected stack trace and got:
     Expected one of BANG, FALSE, FOR, FUN, IDENTIFIER, IF, LEFT_BRACE, LEFT_PAREN, MINUS, NIL, NUMBER, PRINT, STRING, TRUE, VAR or WHILE
     Expected return code 70 and got 65. Stderr:
     parse error: Unrecognized token `class` found at 1:1
     Expected one of BANG, FALSE, FOR, FUN, IDENTIFIER, IF, LEFT_BRACE, LEFT_PAREN, MINUS, NIL, NUMBER, PRINT, STRING, TRUE, VAR or WHILE


Passed: 3 Failed: 12 Skipped: 0 (test/call/string.lox)
Passed: 4 Failed: 12 Skipped: 0 (test/call/nil.lox)
Passed: 5 Failed: 12 Skipped: 0 (test/call/bool.lox)
Passed: 6 Failed: 12 Skipped: 0 (test/call/num.lox)
Passed: 7 Failed: 12 Skipped: 0 (test/string/error_after_multiline.lox)
Passed: 8 Failed: 12 Skipped: 0 (test/string/multiline.lox)
Passed: 9 Failed: 12 Skipped: 0 (test/string/literals.lox)
Passed: 10 Failed: 12 Skipped: 0 (test/string/unterminated.lox)
Passed: 11 Failed: 12 Skipped: 0 (test/precedence.lox)
Passed: 12 Failed: 12 Skipped: 0 (test/operator/less_num_nonnum.lox)
Passed: 13 Failed: 12 Skipped: 0 (test/operator/greater_num_nonnum.lox)
Passed: 14 Failed: 12 Skipped: 0 (test/operator/not_class.lox)
FAIL test/operator/not_class.lox
     Unexpected output on stderr:
     parse error: Unrecognized token `class` found at 1:1
     Unexpected output on stderr:
     Expected one of BANG, FALSE, FOR, FUN, IDENTIFIER, IF, LEFT_BRACE, LEFT_PAREN, MINUS, NIL, NUMBER, PRINT, STRING, TRUE, VAR or WHILE
     Expected return code 0 and got 65. Stderr:
     parse error: Unrecognized token `class` found at 1:1
     Expected one of BANG, FALSE, FOR, FUN, IDENTIFIER, IF, LEFT_BRACE, LEFT_PAREN, MINUS, NIL, NUMBER, PRINT, STRING, TRUE, VAR or WHILE
     Missing expected output 'false' on line 2.
     Missing expected output 'false' on line 3.


Passed: 14 Failed: 13 Skipped: 0 (test/operator/less_or_equal_num_nonnum.lox)
Passed: 15 Failed: 13 Skipped: 0 (test/operator/add_num_nil.lox)
Passed: 16 Failed: 13 Skipped: 0 (test/operator/divide.lox)
Passed: 17 Failed: 13 Skipped: 0 (test/operator/greater_or_equal_num_nonnum.lox)
Passed: 18 Failed: 13 Skipped: 0 (test/operator/equals.lox)
Passed: 19 Failed: 13 Skipped: 0 (test/operator/less_nonnum_num.lox)
Passed: 20 Failed: 13 Skipped: 0 (test/operator/add_bool_string.lox)
Passed: 21 Failed: 13 Skipped: 0 (test/operator/less_or_equal_nonnum_num.lox)
Passed: 22 Failed: 13 Skipped: 0 (test/operator/not_equals.lox)
Passed: 23 Failed: 13 Skipped: 0 (test/operator/multiply_num_nonnum.lox)
Passed: 24 Failed: 13 Skipped: 0 (test/operator/add_nil_nil.lox)
Passed: 25 Failed: 13 Skipped: 0 (test/operator/greater_or_equal_nonnum_num.lox)
Passed: 26 Failed: 13 Skipped: 0 (test/operator/subtract.lox)
Passed: 27 Failed: 13 Skipped: 0 (test/operator/subtract_num_nonnum.lox)
Passed: 28 Failed: 13 Skipped: 0 (test/operator/comparison.lox)
Passed: 29 Failed: 13 Skipped: 0 (test/operator/divide_nonnum_num.lox)
Passed: 30 Failed: 13 Skipped: 0 (test/operator/divide_num_nonnum.lox)
Passed: 31 Failed: 13 Skipped: 0 (test/operator/add_bool_num.lox)
Passed: 32 Failed: 13 Skipped: 0 (test/operator/not.lox)
Passed: 33 Failed: 13 Skipped: 0 (test/operator/subtract_nonnum_num.lox)
Passed: 34 Failed: 13 Skipped: 0 (test/operator/negate_nonnum.lox)
Passed: 35 Failed: 13 Skipped: 0 (test/operator/equals_method.lox)
FAIL test/operator/equals_method.lox
     Unexpected output on stderr:
     parse error: Unrecognized token `class` found at 2:2
     Unexpected output on stderr:
     Expected one of BANG, FALSE, FOR, FUN, IDENTIFIER, IF, LEFT_BRACE, LEFT_PAREN, MINUS, NIL, NUMBER, PRINT, STRING, TRUE, VAR or WHILE
     Expected return code 0 and got 65. Stderr:
     parse error: Unrecognized token `class` found at 2:2
     Expected one of BANG, FALSE, FOR, FUN, IDENTIFIER, IF, LEFT_BRACE, LEFT_PAREN, MINUS, NIL, NUMBER, PRINT, STRING, TRUE, VAR or WHILE
     Missing expected output 'true' on line 10.
     Missing expected output 'false' on line 13.


Passed: 35 Failed: 14 Skipped: 0 (test/operator/multiply_nonnum_num.lox)
Passed: 36 Failed: 14 Skipped: 0 (test/operator/multiply.lox)
Passed: 37 Failed: 14 Skipped: 0 (test/operator/greater_nonnum_num.lox)
Passed: 38 Failed: 14 Skipped: 0 (test/operator/equals_class.lox)
FAIL test/operator/equals_class.lox
     Unexpected output on stderr:
     parse error: Unrecognized token `class` found at 2:2
     Unexpected output on stderr:
     Expected one of BANG, FALSE, FOR, FUN, IDENTIFIER, IF, LEFT_BRACE, LEFT_PAREN, MINUS, NIL, NUMBER, PRINT, STRING, TRUE, VAR or WHILE
     Expected return code 0 and got 65. Stderr:
     parse error: Unrecognized token `class` found at 2:2
     Expected one of BANG, FALSE, FOR, FUN, IDENTIFIER, IF, LEFT_BRACE, LEFT_PAREN, MINUS, NIL, NUMBER, PRINT, STRING, TRUE, VAR or WHILE
     Missing expected output 'true' on line 5.
     Missing expected output 'false' on line 6.
     Missing expected output 'false' on line 7.
     Missing expected output 'true' on line 8.
     Missing expected output 'false' on line 10.
     Missing expected output 'false' on line 11.
     Missing expected output 'false' on line 12.
     Missing expected output 'false' on line 13.


Passed: 38 Failed: 15 Skipped: 0 (test/operator/add_string_nil.lox)
Passed: 39 Failed: 15 Skipped: 0 (test/operator/negate.lox)
Passed: 40 Failed: 15 Skipped: 0 (test/operator/add_bool_nil.lox)
Passed: 41 Failed: 15 Skipped: 0 (test/operator/add.lox)
Passed: 42 Failed: 15 Skipped: 0 (test/while/closure_in_body.lox)
FAIL test/while/closure_in_body.lox
     Unexpected output on stderr:
     Undefined variable 'j'.
     Unexpected output on stderr:
     [line 8] in f()
     Unexpected output on stderr:
     [line 17] in script
     Expected return code 0 and got 70. Stderr:
     Undefined variable 'j'.
     [line 8] in f()
     [line 17] in script
     
     Missing expected output '1' on line 17.
     Missing expected output '2' on line 18.
     Missing expected output '3' on line 19.


Passed: 42 Failed: 16 Skipped: 0 (test/while/syntax.lox)
Passed: 43 Failed: 16 Skipped: 0 (test/while/return_inside.lox)
FAIL test/while/return_inside.lox
     Unexpected output on stderr:
     parse error: Unrecognized token `return` found at 4:4
     Unexpected output on stderr:
     Expected one of BANG, FALSE, FOR, FUN, IDENTIFIER, IF, LEFT_BRACE, LEFT_PAREN, MINUS, NIL, NUMBER, PRINT, RIGHT_BRACE, SEMICOLON, STRING, TRUE, VAR or WHILE
     Expected return code 0 and got 65. Stderr:
     parse error: Unrecognized token `return` found at 4:4
     Expected one of BANG, FALSE, FOR, FUN, IDENTIFIER, IF, LEFT_BRACE, LEFT_PAREN, MINUS, NIL, NUMBER, PRINT, RIGHT_BRACE, SEMICOLON, STRING, TRUE, VAR or WHILE
     Missing expected output 'i' on line 9.


Passed: 43 Failed: 17 Skipped: 0 (test/while/fun_in_body.lox)
FAIL test/while/fun_in_body.lox
     Unexpected output on stderr:
     parse error: Unrecognized token `fun` found at 2:2
     Unexpected output on stderr:
     Expected one of BANG, FALSE, FOR, IDENTIFIER, IF, LEFT_BRACE, LEFT_PAREN, MINUS, NIL, NUMBER, PRINT, STRING, TRUE or WHILE
     Missing expected error: [2] Error at 'fun': Expect expression.


Passed: 43 Failed: 18 Skipped: 0 (test/while/var_in_body.lox)
FAIL test/while/var_in_body.lox
     Unexpected output on stderr:
     parse error: Unrecognized token `var` found at 2:2
     Unexpected output on stderr:
     Expected one of BANG, FALSE, FOR, IDENTIFIER, IF, LEFT_BRACE, LEFT_PAREN, MINUS, NIL, NUMBER, PRINT, STRING, TRUE or WHILE
     Missing expected error: [2] Error at 'var': Expect expression.


Passed: 43 Failed: 19 Skipped: 0 (test/while/class_in_body.lox)
FAIL test/while/class_in_body.lox
     Unexpected output on stderr:
     parse error: Unrecognized token `class` found at 2:2
     Unexpected output on stderr:
     Expected one of BANG, FALSE, FOR, IDENTIFIER, IF, LEFT_BRACE, LEFT_PAREN, MINUS, NIL, NUMBER, PRINT, STRING, TRUE or WHILE
     Missing expected error: [2] Error at 'class': Expect expression.


Passed: 43 Failed: 20 Skipped: 0 (test/while/return_closure.lox)
FAIL test/while/return_closure.lox
     Unexpected output on stderr:
     parse error: Unrecognized token `return` found at 5:5
     Unexpected output on stderr:
     Expected one of BANG, FALSE, FOR, FUN, IDENTIFIER, IF, LEFT_BRACE, LEFT_PAREN, MINUS, NIL, NUMBER, PRINT, RIGHT_BRACE, STRING, TRUE, VAR or WHILE
     Expected return code 0 and got 65. Stderr:
     parse error: Unrecognized token `return` found at 5:5
     Expected one of BANG, FALSE, FOR, FUN, IDENTIFIER, IF, LEFT_BRACE, LEFT_PAREN, MINUS, NIL, NUMBER, PRINT, RIGHT_BRACE, STRING, TRUE, VAR or WHILE
     Missing expected output 'i' on line 10.


Passed: 43 Failed: 21 Skipped: 0 (test/return/after_while.lox)
FAIL test/return/after_while.lox
     Unexpected output on stderr:
     parse error: Unrecognized token `return` found at 2:2
     Unexpected output on stderr:
     Expected one of BANG, FALSE, FOR, IDENTIFIER, IF, LEFT_BRACE, LEFT_PAREN, MINUS, NIL, NUMBER, PRINT, STRING, TRUE or WHILE
     Expected return code 0 and got 65. Stderr:
     parse error: Unrecognized token `return` found at 2:2
     Expected one of BANG, FALSE, FOR, IDENTIFIER, IF, LEFT_BRACE, LEFT_PAREN, MINUS, NIL, NUMBER, PRINT, STRING, TRUE or WHILE
     Missing expected output 'ok' on line 5.


Passed: 43 Failed: 22 Skipped: 0 (test/return/after_if.lox)
FAIL test/return/after_if.lox
     Unexpected output on stderr:
     parse error: Unrecognized token `return` found at 2:2
     Unexpected output on stderr:
     Expected one of BANG, FALSE, FOR, IDENTIFIER, IF, LEFT_BRACE, LEFT_PAREN, MINUS, NIL, NUMBER, PRINT, STRING, TRUE or WHILE
     Expected return code 0 and got 65. Stderr:
     parse error: Unrecognized token `return` found at 2:2
     Expected one of BANG, FALSE, FOR, IDENTIFIER, IF, LEFT_BRACE, LEFT_PAREN, MINUS, NIL, NUMBER, PRINT, STRING, TRUE or WHILE
     Missing expected output 'ok' on line 5.


Passed: 43 Failed: 23 Skipped: 0 (test/return/in_method.lox)
FAIL test/return/in_method.lox
     Unexpected output on stderr:
     parse error: Unrecognized token `class` found at 1:1
     Unexpected output on stderr:
     Expected one of BANG, FALSE, FOR, FUN, IDENTIFIER, IF, LEFT_BRACE, LEFT_PAREN, MINUS, NIL, NUMBER, PRINT, STRING, TRUE, VAR or WHILE
     Expected return code 0 and got 65. Stderr:
     parse error: Unrecognized token `class` found at 1:1
     Expected one of BANG, FALSE, FOR, FUN, IDENTIFIER, IF, LEFT_BRACE, LEFT_PAREN, MINUS, NIL, NUMBER, PRINT, STRING, TRUE, VAR or WHILE
     Missing expected output 'ok' on line 8.


Passed: 43 Failed: 24 Skipped: 0 (test/return/in_function.lox)
FAIL test/return/in_function.lox
     Unexpected output on stderr:
     parse error: Unrecognized token `return` found at 2:2
     Unexpected output on stderr:
     Expected one of BANG, FALSE, FOR, FUN, IDENTIFIER, IF, LEFT_BRACE, LEFT_PAREN, MINUS, NIL, NUMBER, PRINT, RIGHT_BRACE, STRING, TRUE, VAR or WHILE
     Expected return code 0 and got 65. Stderr:
     parse error: Unrecognized token `return` found at 2:2
     Expected one of BANG, FALSE, FOR, FUN, IDENTIFIER, IF, LEFT_BRACE, LEFT_PAREN, MINUS, NIL, NUMBER, PRINT, RIGHT_BRACE, STRING, TRUE, VAR or WHILE
     Missing expected output 'ok' on line 6.


Passed: 43 Failed: 25 Skipped: 0 (test/return/at_top_level.lox)
FAIL test/return/at_top_level.lox
     Unexpected output on stderr:
     parse error: Unrecognized token `return` found at 1:1
     Unexpected output on stderr:
     Expected one of BANG, FALSE, FOR, FUN, IDENTIFIER, IF, LEFT_BRACE, LEFT_PAREN, MINUS, NIL, NUMBER, PRINT, STRING, TRUE, VAR or WHILE
     Missing expected error: [1] Error at 'return': Can't return from top-level code.


Passed: 43 Failed: 26 Skipped: 0 (test/return/after_else.lox)
FAIL test/return/after_else.lox
     Unexpected output on stderr:
     parse error: Unrecognized token `return` found at 2:2
     Unexpected output on stderr:
     Expected one of BANG, FALSE, FOR, IDENTIFIER, IF, LEFT_BRACE, LEFT_PAREN, MINUS, NIL, NUMBER, PRINT, STRING, TRUE or WHILE
     Expected return code 0 and got 65. Stderr:
     parse error: Unrecognized token `return` found at 2:2
     Expected one of BANG, FALSE, FOR, IDENTIFIER, IF, LEFT_BRACE, LEFT_PAREN, MINUS, NIL, NUMBER, PRINT, STRING, TRUE or WHILE
     Missing expected output 'ok' on line 5.


Passed: 43 Failed: 27 Skipped: 0 (test/return/return_nil_if_no_value.lox)
FAIL test/return/return_nil_if_no_value.lox
     Unexpected output on stderr:
     parse error: Unrecognized token `return` found at 2:2
     Unexpected output on stderr:
     Expected one of BANG, FALSE, FOR, FUN, IDENTIFIER, IF, LEFT_BRACE, LEFT_PAREN, MINUS, NIL, NUMBER, PRINT, RIGHT_BRACE, STRING, TRUE, VAR or WHILE
     Expected return code 0 and got 65. Stderr:
     parse error: Unrecognized token `return` found at 2:2
     Expected one of BANG, FALSE, FOR, FUN, IDENTIFIER, IF, LEFT_BRACE, LEFT_PAREN, MINUS, NIL, NUMBER, PRINT, RIGHT_BRACE, STRING, TRUE, VAR or WHILE
     Missing expected output 'nil' on line 6.


Passed: 43 Failed: 28 Skipped: 0 (test/number/nan_equality.lox)
Passed: 44 Failed: 28 Skipped: 0 (test/number/leading_dot.lox)
FAIL test/number/leading_dot.lox
     Unexpected output on stderr:
     parse error: Unrecognized token `.` found at 2:2
     Unexpected output on stderr:
     Expected one of BANG, FALSE, FOR, FUN, IDENTIFIER, IF, LEFT_BRACE, LEFT_PAREN, MINUS, NIL, NUMBER, PRINT, STRING, TRUE, VAR or WHILE
     Missing expected error: [2] Error at '.': Expect expression.


Passed: 44 Failed: 29 Skipped: 0 (test/number/decimal_point_at_eof.lox)
FAIL test/number/decimal_point_at_eof.lox
     Unexpected output on stderr:
     parse error: Unrecognized EOF found at 2
     Unexpected output on stderr:
     Expected one of AND, BANG_EQUAL, COMMA, EQUAL_EQUAL, GREATER, GREATER_EQUAL, LEFT_PAREN, LESS, LESS_EQUAL, MINUS, OR, PLUS, RIGHT_PAREN, SEMICOLON, SLASH or STAR
     Missing expected error: [2] Error at end: Expect property name after '.'.


Passed: 44 Failed: 30 Skipped: 0 (test/number/literals.lox)
FAIL test/number/literals.lox
     Expected output '-0' on line 4  and got '0'.


Passed: 44 Failed: 31 Skipped: 0 (test/number/trailing_dot.lox)
FAIL test/number/trailing_dot.lox
     Missing expected error: [2] Error at ';': Expect property name after '.'.
     Expected return code 65 and got 0. Stderr:


Passed: 44 Failed: 32 Skipped: 0 (test/super/extra_arguments.lox)
FAIL test/super/extra_arguments.lox
     Expected runtime error 'Expected 2 arguments but got 4.' and got:
     parse error: Unrecognized token `class` found at 1:1
     Expected stack trace and got:
     Expected one of BANG, FALSE, FOR, FUN, IDENTIFIER, IF, LEFT_BRACE, LEFT_PAREN, MINUS, NIL, NUMBER, PRINT, STRING, TRUE, VAR or WHILE
     Expected return code 70 and got 65. Stderr:
     parse error: Unrecognized token `class` found at 1:1
     Expected one of BANG, FALSE, FOR, FUN, IDENTIFIER, IF, LEFT_BRACE, LEFT_PAREN, MINUS, NIL, NUMBER, PRINT, STRING, TRUE, VAR or WHILE
     Missing expected output 'Derived.foo()' on line 9.


Passed: 44 Failed: 33 Skipped: 0 (test/super/no_superclass_method.lox)
FAIL test/super/no_superclass_method.lox
     Expected runtime error 'Undefined property 'doesNotExist'.' and got:
     parse error: Unrecognized token `class` found at 1:1
     Expected stack trace and got:
     Expected one of BANG, FALSE, FOR, FUN, IDENTIFIER, IF, LEFT_BRACE, LEFT_PAREN, MINUS, NIL, NUMBER, PRINT, STRING, TRUE, VAR or WHILE
     Expected return code 70 and got 65. Stderr:
     parse error: Unrecognized token `class` found at 1:1
     Expected one of BANG, FALSE, FOR, FUN, IDENTIFIER, IF, LEFT_BRACE, LEFT_PAREN, MINUS, NIL, NUMBER, PRINT, STRING, TRUE, VAR or WHILE


Passed: 44 Failed: 34 Skipped: 0 (test/super/no_superclass_call.lox)
FAIL test/super/no_superclass_call.lox
     Unexpected output on stderr:
     parse error: Unrecognized token `class` found at 1:1
     Unexpected output on stderr:
     Expected one of BANG, FALSE, FOR, FUN, IDENTIFIER, IF, LEFT_BRACE, LEFT_PAREN, MINUS, NIL, NUMBER, PRINT, STRING, TRUE, VAR or WHILE
     Missing expected error: [3] Error at 'super': Can't use 'super' in a class with no superclass.


Passed: 44 Failed: 35 Skipped: 0 (test/super/super_in_closure_in_inherited_method.lox)
FAIL test/super/super_in_closure_in_inherited_method.lox
     Unexpected output on stderr:
     parse error: Unrecognized token `class` found at 1:1
     Unexpected output on stderr:
     Expected one of BANG, FALSE, FOR, FUN, IDENTIFIER, IF, LEFT_BRACE, LEFT_PAREN, MINUS, NIL, NUMBER, PRINT, STRING, TRUE, VAR or WHILE
     Expected return code 0 and got 65. Stderr:
     parse error: Unrecognized token `class` found at 1:1
     Expected one of BANG, FALSE, FOR, FUN, IDENTIFIER, IF, LEFT_BRACE, LEFT_PAREN, MINUS, NIL, NUMBER, PRINT, STRING, TRUE, VAR or WHILE
     Missing expected output 'A' on line 26.


Passed: 44 Failed: 36 Skipped: 0 (test/super/no_superclass_bind.lox)
FAIL test/super/no_superclass_bind.lox
     Unexpected output on stderr:
     parse error: Unrecognized token `class` found at 1:1
     Unexpected output on stderr:
     Expected one of BANG, FALSE, FOR, FUN, IDENTIFIER, IF, LEFT_BRACE, LEFT_PAREN, MINUS, NIL, NUMBER, PRINT, STRING, TRUE, VAR or WHILE
     Missing expected error: [3] Error at 'super': Can't use 'super' in a class with no superclass.


Passed: 44 Failed: 37 Skipped: 0 (test/super/call_same_method.lox)
FAIL test/super/call_same_method.lox
     Unexpected output on stderr:
     parse error: Unrecognized token `class` found at 1:1
     Unexpected output on stderr:
     Expected one of BANG, FALSE, FOR, FUN, IDENTIFIER, IF, LEFT_BRACE, LEFT_PAREN, MINUS, NIL, NUMBER, PRINT, STRING, TRUE, VAR or WHILE
     Expected return code 0 and got 65. Stderr:
     parse error: Unrecognized token `class` found at 1:1
     Expected one of BANG, FALSE, FOR, FUN, IDENTIFIER, IF, LEFT_BRACE, LEFT_PAREN, MINUS, NIL, NUMBER, PRINT, STRING, TRUE, VAR or WHILE
     Missing expected output 'Derived.foo()' on line 15.
     Missing expected output 'Base.foo()' on line 16.


Passed: 44 Failed: 38 Skipped: 0 (test/super/this_in_superclass_method.lox)
FAIL test/super/this_in_superclass_method.lox
     Unexpected output on stderr:
     parse error: Unrecognized token `class` found at 1:1
     Unexpected output on stderr:
     Expected one of BANG, FALSE, FOR, FUN, IDENTIFIER, IF, LEFT_BRACE, LEFT_PAREN, MINUS, NIL, NUMBER, PRINT, STRING, TRUE, VAR or WHILE
     Expected return code 0 and got 65. Stderr:
     parse error: Unrecognized token `class` found at 1:1
     Expected one of BANG, FALSE, FOR, FUN, IDENTIFIER, IF, LEFT_BRACE, LEFT_PAREN, MINUS, NIL, NUMBER, PRINT, STRING, TRUE, VAR or WHILE
     Missing expected output 'a' on line 15.
     Missing expected output 'b' on line 16.


Passed: 44 Failed: 39 Skipped: 0 (test/super/closure.lox)
FAIL test/super/closure.lox
     Unexpected output on stderr:
     parse error: Unrecognized token `class` found at 1:1
     Unexpected output on stderr:
     Expected one of BANG, FALSE, FOR, FUN, IDENTIFIER, IF, LEFT_BRACE, LEFT_PAREN, MINUS, NIL, NUMBER, PRINT, STRING, TRUE, VAR or WHILE
     Expected return code 0 and got 65. Stderr:
     parse error: Unrecognized token `class` found at 1:1
     Expected one of BANG, FALSE, FOR, FUN, IDENTIFIER, IF, LEFT_BRACE, LEFT_PAREN, MINUS, NIL, NUMBER, PRINT, STRING, TRUE, VAR or WHILE
     Missing expected output 'Base' on line 17.


Passed: 44 Failed: 40 Skipped: 0 (test/super/call_other_method.lox)
FAIL test/super/call_other_method.lox
     Unexpected output on stderr:
     parse error: Unrecognized token `class` found at 1:1
     Unexpected output on stderr:
     Expected one of BANG, FALSE, FOR, FUN, IDENTIFIER, IF, LEFT_BRACE, LEFT_PAREN, MINUS, NIL, NUMBER, PRINT, STRING, TRUE, VAR or WHILE
     Expected return code 0 and got 65. Stderr:
     parse error: Unrecognized token `class` found at 1:1
     Expected one of BANG, FALSE, FOR, FUN, IDENTIFIER, IF, LEFT_BRACE, LEFT_PAREN, MINUS, NIL, NUMBER, PRINT, STRING, TRUE, VAR or WHILE
     Missing expected output 'Derived.bar()' on line 15.
     Missing expected output 'Base.foo()' on line 16.


Passed: 44 Failed: 41 Skipped: 0 (test/super/super_without_name.lox)
FAIL test/super/super_without_name.lox
     Unexpected output on stderr:
     parse error: Unrecognized token `class` found at 1:1
     Unexpected output on stderr:
     Expected one of BANG, FALSE, FOR, FUN, IDENTIFIER, IF, LEFT_BRACE, LEFT_PAREN, MINUS, NIL, NUMBER, PRINT, STRING, TRUE, VAR or WHILE
     Missing expected error: [5] Error at ';': Expect superclass method name.


Passed: 44 Failed: 42 Skipped: 0 (test/super/missing_arguments.lox)
FAIL test/super/missing_arguments.lox
     Expected runtime error 'Expected 2 arguments but got 1.' and got:
     parse error: Unrecognized token `class` found at 1:1
     Expected stack trace and got:
     Expected one of BANG, FALSE, FOR, FUN, IDENTIFIER, IF, LEFT_BRACE, LEFT_PAREN, MINUS, NIL, NUMBER, PRINT, STRING, TRUE, VAR or WHILE
     Expected return code 70 and got 65. Stderr:
     parse error: Unrecognized token `class` found at 1:1
     Expected one of BANG, FALSE, FOR, FUN, IDENTIFIER, IF, LEFT_BRACE, LEFT_PAREN, MINUS, NIL, NUMBER, PRINT, STRING, TRUE, VAR or WHILE


Passed: 44 Failed: 43 Skipped: 0 (test/super/indirectly_inherited.lox)
FAIL test/super/indirectly_inherited.lox
     Unexpected output on stderr:
     parse error: Unrecognized token `class` found at 1:1
     Unexpected output on stderr:
     Expected one of BANG, FALSE, FOR, FUN, IDENTIFIER, IF, LEFT_BRACE, LEFT_PAREN, MINUS, NIL, NUMBER, PRINT, STRING, TRUE, VAR or WHILE
     Expected return code 0 and got 65. Stderr:
     parse error: Unrecognized token `class` found at 1:1
     Expected one of BANG, FALSE, FOR, FUN, IDENTIFIER, IF, LEFT_BRACE, LEFT_PAREN, MINUS, NIL, NUMBER, PRINT, STRING, TRUE, VAR or WHILE
     Missing expected output 'C.foo()' on line 17.
     Missing expected output 'A.foo()' on line 18.


Passed: 44 Failed: 44 Skipped: 0 (test/super/super_in_top_level_function.lox)
FAIL test/super/super_in_top_level_function.lox
     Unexpected output on stderr:
     parse error: Unrecognized token `super` found at 1:1
     Unexpected output on stderr:
     Expected one of BANG, FALSE, FOR, FUN, IDENTIFIER, IF, LEFT_BRACE, LEFT_PAREN, MINUS, NIL, NUMBER, PRINT, STRING, TRUE, VAR or WHILE
     Missing expected error: [1] Error at 'super': Can't use 'super' outside of a class.


Passed: 44 Failed: 45 Skipped: 0 (test/super/super_without_dot.lox)
FAIL test/super/super_without_dot.lox
     Unexpected output on stderr:
     parse error: Unrecognized token `class` found at 1:1
     Unexpected output on stderr:
     Expected one of BANG, FALSE, FOR, FUN, IDENTIFIER, IF, LEFT_BRACE, LEFT_PAREN, MINUS, NIL, NUMBER, PRINT, STRING, TRUE, VAR or WHILE
     Missing expected error: [6] Error at ';': Expect '.' after 'super'.


Passed: 44 Failed: 46 Skipped: 0 (test/super/super_at_top_level.lox)
FAIL test/super/super_at_top_level.lox
     Unexpected output on stderr:
     parse error: Unrecognized token `super` found at 1:1
     Unexpected output on stderr:
     Expected one of BANG, FALSE, FOR, FUN, IDENTIFIER, IF, LEFT_BRACE, LEFT_PAREN, MINUS, NIL, NUMBER, PRINT, STRING, TRUE, VAR or WHILE
     Missing expected error: [1] Error at 'super': Can't use 'super' outside of a class.
     Missing expected error: [2] Error at 'super': Can't use 'super' outside of a class.


Passed: 44 Failed: 47 Skipped: 0 (test/super/parenthesized.lox)
FAIL test/super/parenthesized.lox
     Unexpected output on stderr:
     parse error: Unrecognized token `class` found at 1:1
     Unexpected output on stderr:
     Expected one of BANG, FALSE, FOR, FUN, IDENTIFIER, IF, LEFT_BRACE, LEFT_PAREN, MINUS, NIL, NUMBER, PRINT, STRING, TRUE, VAR or WHILE
     Missing expected error: [8] Error at ')': Expect '.' after 'super'.


Passed: 44 Failed: 48 Skipped: 0 (test/super/constructor.lox)
FAIL test/super/constructor.lox
     Unexpected output on stderr:
     parse error: Unrecognized token `class` found at 1:1
     Unexpected output on stderr:
     Expected one of BANG, FALSE, FOR, FUN, IDENTIFIER, IF, LEFT_BRACE, LEFT_PAREN, MINUS, NIL, NUMBER, PRINT, STRING, TRUE, VAR or WHILE
     Expected return code 0 and got 65. Stderr:
     parse error: Unrecognized token `class` found at 1:1
     Expected one of BANG, FALSE, FOR, FUN, IDENTIFIER, IF, LEFT_BRACE, LEFT_PAREN, MINUS, NIL, NUMBER, PRINT, STRING, TRUE, VAR or WHILE
     Missing expected output 'Derived.init()' on line 15.
     Missing expected output 'Base.init(a, b)' on line 16.


Passed: 44 Failed: 49 Skipped: 0 (test/super/super_in_inherited_method.lox)
FAIL test/super/super_in_inherited_method.lox
     Unexpected output on stderr:
     parse error: Unrecognized token `class` found at 1:1
     Unexpected output on stderr:
     Expected one of BANG, FALSE, FOR, FUN, IDENTIFIER, IF, LEFT_BRACE, LEFT_PAREN, MINUS, NIL, NUMBER, PRINT, STRING, TRUE, VAR or WHILE
     Expected return code 0 and got 65. Stderr:
     parse error: Unrecognized token `class` found at 1:1
     Expected one of BANG, FALSE, FOR, FUN, IDENTIFIER, IF, LEFT_BRACE, LEFT_PAREN, MINUS, NIL, NUMBER, PRINT, STRING, TRUE, VAR or WHILE
     Missing expected output 'A' on line 23.


Passed: 44 Failed: 50 Skipped: 0 (test/super/reassign_superclass.lox)
FAIL test/super/reassign_superclass.lox
     Unexpected output on stderr:
     parse error: Unrecognized token `class` found at 1:1
     Unexpected output on stderr:
     Expected one of BANG, FALSE, FOR, FUN, IDENTIFIER, IF, LEFT_BRACE, LEFT_PAREN, MINUS, NIL, NUMBER, PRINT, STRING, TRUE, VAR or WHILE
     Expected return code 0 and got 65. Stderr:
     parse error: Unrecognized token `class` found at 1:1
     Expected one of BANG, FALSE, FOR, FUN, IDENTIFIER, IF, LEFT_BRACE, LEFT_PAREN, MINUS, NIL, NUMBER, PRINT, STRING, TRUE, VAR or WHILE
     Missing expected output 'Base.method()' on line 20.
     Missing expected output 'Base.method()' on line 22.


Passed: 44 Failed: 51 Skipped: 0 (test/super/bound_method.lox)
FAIL test/super/bound_method.lox
     Unexpected output on stderr:
     parse error: Unrecognized token `class` found at 1:1
     Unexpected output on stderr:
     Expected one of BANG, FALSE, FOR, FUN, IDENTIFIER, IF, LEFT_BRACE, LEFT_PAREN, MINUS, NIL, NUMBER, PRINT, STRING, TRUE, VAR or WHILE
     Expected return code 0 and got 65. Stderr:
     parse error: Unrecognized token `class` found at 1:1
     Expected one of BANG, FALSE, FOR, FUN, IDENTIFIER, IF, LEFT_BRACE, LEFT_PAREN, MINUS, NIL, NUMBER, PRINT, STRING, TRUE, VAR or WHILE
     Missing expected output 'A.method(arg)' on line 19.


Passed: 44 Failed: 52 Skipped: 0 (test/unexpected_character.lox)
Passed: 45 Failed: 52 Skipped: 0 (test/if/var_in_then.lox)
FAIL test/if/var_in_then.lox
     Unexpected output on stderr:
     parse error: Unrecognized token `var` found at 2:2
     Unexpected output on stderr:
     Expected one of BANG, FALSE, FOR, IDENTIFIER, IF, LEFT_BRACE, LEFT_PAREN, MINUS, NIL, NUMBER, PRINT, STRING, TRUE or WHILE
     Missing expected error: [2] Error at 'var': Expect expression.


Passed: 45 Failed: 53 Skipped: 0 (test/if/truth.lox)
Passed: 46 Failed: 53 Skipped: 0 (test/if/else.lox)
Passed: 47 Failed: 53 Skipped: 0 (test/if/dangling_else.lox)
Passed: 48 Failed: 53 Skipped: 0 (test/if/var_in_else.lox)
FAIL test/if/var_in_else.lox
     Unexpected output on stderr:
     parse error: Unrecognized token `var` found at 2:2
     Unexpected output on stderr:
     Expected one of BANG, FALSE, FOR, IDENTIFIER, IF, LEFT_BRACE, LEFT_PAREN, MINUS, NIL, NUMBER, PRINT, STRING, TRUE or WHILE
     Missing expected error: [2] Error at 'var': Expect expression.


Passed: 48 Failed: 54 Skipped: 0 (test/if/class_in_else.lox)
FAIL test/if/class_in_else.lox
     Unexpected output on stderr:
     parse error: Unrecognized token `class` found at 2:2
     Unexpected output on stderr:
     Expected one of BANG, FALSE, FOR, IDENTIFIER, IF, LEFT_BRACE, LEFT_PAREN, MINUS, NIL, NUMBER, PRINT, STRING, TRUE or WHILE
     Missing expected error: [2] Error at 'class': Expect expression.


Passed: 48 Failed: 55 Skipped: 0 (test/if/if.lox)
Passed: 49 Failed: 55 Skipped: 0 (test/if/class_in_then.lox)
FAIL test/if/class_in_then.lox
     Unexpected output on stderr:
     parse error: Unrecognized token `class` found at 2:2
     Unexpected output on stderr:
     Expected one of BANG, FALSE, FOR, IDENTIFIER, IF, LEFT_BRACE, LEFT_PAREN, MINUS, NIL, NUMBER, PRINT, STRING, TRUE or WHILE
     Missing expected error: [2] Error at 'class': Expect expression.


Passed: 49 Failed: 56 Skipped: 0 (test/if/fun_in_else.lox)
FAIL test/if/fun_in_else.lox
     Unexpected output on stderr:
     parse error: Unrecognized token `fun` found at 2:2
     Unexpected output on stderr:
     Expected one of BANG, FALSE, FOR, IDENTIFIER, IF, LEFT_BRACE, LEFT_PAREN, MINUS, NIL, NUMBER, PRINT, STRING, TRUE or WHILE
     Missing expected error: [2] Error at 'fun': Expect expression.


Passed: 49 Failed: 57 Skipped: 0 (test/if/fun_in_then.lox)
FAIL test/if/fun_in_then.lox
     Unexpected output on stderr:
     parse error: Unrecognized token `fun` found at 2:2
     Unexpected output on stderr:
     Expected one of BANG, FALSE, FOR, IDENTIFIER, IF, LEFT_BRACE, LEFT_PAREN, MINUS, NIL, NUMBER, PRINT, STRING, TRUE or WHILE
     Missing expected error: [2] Error at 'fun': Expect expression.


Passed: 49 Failed: 58 Skipped: 0 (test/variable/undefined_global.lox)
Passed: 50 Failed: 58 Skipped: 0 (test/variable/in_middle_of_block.lox)
Passed: 51 Failed: 58 Skipped: 0 (test/variable/unreached_undefined.lox)
Passed: 52 Failed: 58 Skipped: 0 (test/variable/collide_with_parameter.lox)
FAIL test/variable/collide_with_parameter.lox
     Unexpected error:
     [line 2] Error: Already variable with this name in this scope.
     Missing expected error: [2] Error at 'a': Already variable with this name in this scope.


Passed: 52 Failed: 59 Skipped: 0 (test/variable/undefined_local.lox)
Passed: 53 Failed: 59 Skipped: 0 (test/variable/duplicate_local.lox)
FAIL test/variable/duplicate_local.lox
     Unexpected error:
     [line 3] Error: Already variable with this name in this scope.
     Missing expected error: [3] Error at 'a': Already variable with this name in this scope.


Passed: 53 Failed: 60 Skipped: 0 (test/variable/use_this_as_var.lox)
FAIL test/variable/use_this_as_var.lox
     Unexpected output on stderr:
     parse error: Unrecognized token `this` found at 2:2
     Unexpected output on stderr:
     Expected one of IDENTIFIER
     Missing expected error: [2] Error at 'this': Expect variable name.


Passed: 53 Failed: 61 Skipped: 0 (test/variable/scope_reuse_in_different_blocks.lox)
Passed: 54 Failed: 61 Skipped: 0 (test/variable/redeclare_global.lox)
Passed: 55 Failed: 61 Skipped: 0 (test/variable/redefine_global.lox)
Passed: 56 Failed: 61 Skipped: 0 (test/variable/use_false_as_var.lox)
FAIL test/variable/use_false_as_var.lox
     Unexpected output on stderr:
     parse error: Unrecognized token `false` found at 2:2
     Unexpected output on stderr:
     Expected one of IDENTIFIER
     Missing expected error: [2] Error at 'false': Expect variable name.


Passed: 56 Failed: 62 Skipped: 0 (test/variable/in_nested_block.lox)
Passed: 57 Failed: 62 Skipped: 0 (test/variable/local_from_method.lox)
FAIL test/variable/local_from_method.lox
     Unexpected output on stderr:
     parse error: Unrecognized token `class` found at 3:3
     Unexpected output on stderr:
     Expected one of BANG, FALSE, FOR, FUN, IDENTIFIER, IF, LEFT_BRACE, LEFT_PAREN, MINUS, NIL, NUMBER, PRINT, RIGHT_BRACE, SEMICOLON, STRING, TRUE, VAR or WHILE
     Expected return code 0 and got 65. Stderr:
     parse error: Unrecognized token `class` found at 3:3
     Expected one of BANG, FALSE, FOR, FUN, IDENTIFIER, IF, LEFT_BRACE, LEFT_PAREN, MINUS, NIL, NUMBER, PRINT, RIGHT_BRACE, SEMICOLON, STRING, TRUE, VAR or WHILE
     Missing expected output 'variable' on line 9.


Passed: 57 Failed: 63 Skipped: 0 (test/variable/use_local_in_initializer.lox)
FAIL test/variable/use_local_in_initializer.lox
     Unexpected error:
     [line 3] Error: Can't read local variable in its own initializer.
     Missing expected error: [3] Error at 'a': Can't read local variable in its own initializer.


Passed: 57 Failed: 64 Skipped: 0 (test/variable/shadow_and_local.lox)
Passed: 58 Failed: 64 Skipped: 0 (test/variable/shadow_local.lox)
Passed: 59 Failed: 64 Skipped: 0 (test/variable/use_nil_as_var.lox)
FAIL test/variable/use_nil_as_var.lox
     Unexpected output on stderr:
     parse error: Unrecognized token `nil` found at 2:2
     Unexpected output on stderr:
     Expected one of IDENTIFIER
     Missing expected error: [2] Error at 'nil': Expect variable name.


Passed: 59 Failed: 65 Skipped: 0 (test/variable/shadow_global.lox)
Passed: 60 Failed: 65 Skipped: 0 (test/variable/uninitialized.lox)
Passed: 61 Failed: 65 Skipped: 0 (test/variable/use_global_in_initializer.lox)
Passed: 62 Failed: 65 Skipped: 0 (test/variable/early_bound.lox)
FAIL test/variable/early_bound.lox
     Unexpected output on stderr:
     thread 'main' panicked at 'index out of bounds: the len is 1 but the index is 1', src/vm.rs:211:33
     Unexpected output on stderr:
     note: run with `RUST_BACKTRACE=1` environment variable to display a backtrace
     Expected return code 0 and got 101. Stderr:
     thread 'main' panicked at 'index out of bounds: the len is 1 but the index is 1', src/vm.rs:211:33
     note: run with `RUST_BACKTRACE=1` environment variable to display a backtrace
     Missing expected output 'outer' on line 9.


Passed: 62 Failed: 66 Skipped: 0 (test/variable/duplicate_parameter.lox)
FAIL test/variable/duplicate_parameter.lox
     Unexpected error:
     [line 2] Error: Already variable with this name in this scope.
     Missing expected error: [2] Error at 'arg': Already variable with this name in this scope.


Passed: 62 Failed: 67 Skipped: 0 (test/inheritance/inherit_from_function.lox)
FAIL test/inheritance/inherit_from_function.lox
     Expected runtime error 'Superclass must be a class.' and got:
     parse error: Unrecognized token `class` found at 3:3
     Expected stack trace and got:
     Expected one of BANG, FALSE, FOR, FUN, IDENTIFIER, IF, LEFT_BRACE, LEFT_PAREN, MINUS, NIL, NUMBER, PRINT, RIGHT_BRACE, STRING, TRUE, VAR or WHILE
     Expected return code 70 and got 65. Stderr:
     parse error: Unrecognized token `class` found at 3:3
     Expected one of BANG, FALSE, FOR, FUN, IDENTIFIER, IF, LEFT_BRACE, LEFT_PAREN, MINUS, NIL, NUMBER, PRINT, RIGHT_BRACE, STRING, TRUE, VAR or WHILE


Passed: 62 Failed: 68 Skipped: 0 (test/inheritance/set_fields_from_base_class.lox)
FAIL test/inheritance/set_fields_from_base_class.lox
     Unexpected output on stderr:
     parse error: Unrecognized token `class` found at 1:1
     Unexpected output on stderr:
     Expected one of BANG, FALSE, FOR, FUN, IDENTIFIER, IF, LEFT_BRACE, LEFT_PAREN, MINUS, NIL, NUMBER, PRINT, STRING, TRUE, VAR or WHILE
     Expected return code 0 and got 65. Stderr:
     parse error: Unrecognized token `class` found at 1:1
     Expected one of BANG, FALSE, FOR, FUN, IDENTIFIER, IF, LEFT_BRACE, LEFT_PAREN, MINUS, NIL, NUMBER, PRINT, STRING, TRUE, VAR or WHILE
     Missing expected output 'foo 1' on line 28.
     Missing expected output 'foo 2' on line 29.
     Missing expected output 'bar 1' on line 33.
     Missing expected output 'bar 2' on line 34.
     Missing expected output 'bar 1' on line 37.
     Missing expected output 'bar 2' on line 38.


Passed: 62 Failed: 69 Skipped: 0 (test/inheritance/constructor.lox)
FAIL test/inheritance/constructor.lox
     Unexpected output on stderr:
     parse error: Unrecognized token `class` found at 1:1
     Unexpected output on stderr:
     Expected one of BANG, FALSE, FOR, FUN, IDENTIFIER, IF, LEFT_BRACE, LEFT_PAREN, MINUS, NIL, NUMBER, PRINT, STRING, TRUE, VAR or WHILE
     Expected return code 0 and got 65. Stderr:
     parse error: Unrecognized token `class` found at 1:1
     Expected one of BANG, FALSE, FOR, FUN, IDENTIFIER, IF, LEFT_BRACE, LEFT_PAREN, MINUS, NIL, NUMBER, PRINT, STRING, TRUE, VAR or WHILE
     Missing expected output 'value' on line 14.


Passed: 62 Failed: 70 Skipped: 0 (test/inheritance/inherit_from_nil.lox)
FAIL test/inheritance/inherit_from_nil.lox
     Expected runtime error 'Superclass must be a class.' and got:
     parse error: Unrecognized token `class` found at 2:2
     Expected stack trace and got:
     Expected one of BANG, FALSE, FOR, FUN, IDENTIFIER, IF, LEFT_BRACE, LEFT_PAREN, MINUS, NIL, NUMBER, PRINT, RIGHT_BRACE, SEMICOLON, STRING, TRUE, VAR or WHILE
     Expected return code 70 and got 65. Stderr:
     parse error: Unrecognized token `class` found at 2:2
     Expected one of BANG, FALSE, FOR, FUN, IDENTIFIER, IF, LEFT_BRACE, LEFT_PAREN, MINUS, NIL, NUMBER, PRINT, RIGHT_BRACE, SEMICOLON, STRING, TRUE, VAR or WHILE


Passed: 62 Failed: 71 Skipped: 0 (test/inheritance/inherit_from_number.lox)
FAIL test/inheritance/inherit_from_number.lox
     Expected runtime error 'Superclass must be a class.' and got:
     parse error: Unrecognized token `class` found at 2:2
     Expected stack trace and got:
     Expected one of BANG, FALSE, FOR, FUN, IDENTIFIER, IF, LEFT_BRACE, LEFT_PAREN, MINUS, NIL, NUMBER, PRINT, RIGHT_BRACE, SEMICOLON, STRING, TRUE, VAR or WHILE
     Expected return code 70 and got 65. Stderr:
     parse error: Unrecognized token `class` found at 2:2
     Expected one of BANG, FALSE, FOR, FUN, IDENTIFIER, IF, LEFT_BRACE, LEFT_PAREN, MINUS, NIL, NUMBER, PRINT, RIGHT_BRACE, SEMICOLON, STRING, TRUE, VAR or WHILE


Passed: 62 Failed: 72 Skipped: 0 (test/inheritance/inherit_methods.lox)
FAIL test/inheritance/inherit_methods.lox
     Unexpected output on stderr:
     parse error: Unrecognized token `class` found at 1:1
     Unexpected output on stderr:
     Expected one of BANG, FALSE, FOR, FUN, IDENTIFIER, IF, LEFT_BRACE, LEFT_PAREN, MINUS, NIL, NUMBER, PRINT, STRING, TRUE, VAR or WHILE
     Expected return code 0 and got 65. Stderr:
     parse error: Unrecognized token `class` found at 1:1
     Expected one of BANG, FALSE, FOR, FUN, IDENTIFIER, IF, LEFT_BRACE, LEFT_PAREN, MINUS, NIL, NUMBER, PRINT, STRING, TRUE, VAR or WHILE
     Missing expected output 'foo' on line 12.
     Missing expected output 'bar' on line 13.
     Missing expected output 'bar' on line 14.


Passed: 62 Failed: 73 Skipped: 0 (test/inheritance/parenthesized_superclass.lox)
FAIL test/inheritance/parenthesized_superclass.lox
     Unexpected output on stderr:
     parse error: Unrecognized token `class` found at 1:1
     Unexpected output on stderr:
     Expected one of BANG, FALSE, FOR, FUN, IDENTIFIER, IF, LEFT_BRACE, LEFT_PAREN, MINUS, NIL, NUMBER, PRINT, STRING, TRUE, VAR or WHILE
     Missing expected error: [4] Error at '(': Expect superclass name.


Passed: 62 Failed: 74 Skipped: 0 (test/field/set_on_nil.lox)
FAIL test/field/set_on_nil.lox
     Expected runtime error 'Only instances have fields.' and got:
     parse error: Unrecognized token `.` found at 1:1
     Expected stack trace and got:
     Expected one of AND, BANG_EQUAL, COMMA, EQUAL_EQUAL, GREATER, GREATER_EQUAL, LEFT_PAREN, LESS, LESS_EQUAL, MINUS, OR, PLUS, RIGHT_PAREN, SEMICOLON, SLASH or STAR
     Expected return code 70 and got 65. Stderr:
     parse error: Unrecognized token `.` found at 1:1
     Expected one of AND, BANG_EQUAL, COMMA, EQUAL_EQUAL, GREATER, GREATER_EQUAL, LEFT_PAREN, LESS, LESS_EQUAL, MINUS, OR, PLUS, RIGHT_PAREN, SEMICOLON, SLASH or STAR


Passed: 62 Failed: 75 Skipped: 0 (test/field/get_on_string.lox)
FAIL test/field/get_on_string.lox
     Expected runtime error 'Only instances have properties.' and got:
     parse error: Unrecognized token `.` found at 1:1
     Expected stack trace and got:
     Expected one of AND, BANG_EQUAL, COMMA, EQUAL_EQUAL, GREATER, GREATER_EQUAL, LEFT_PAREN, LESS, LESS_EQUAL, MINUS, OR, PLUS, RIGHT_PAREN, SEMICOLON, SLASH or STAR
     Expected return code 70 and got 65. Stderr:
     parse error: Unrecognized token `.` found at 1:1
     Expected one of AND, BANG_EQUAL, COMMA, EQUAL_EQUAL, GREATER, GREATER_EQUAL, LEFT_PAREN, LESS, LESS_EQUAL, MINUS, OR, PLUS, RIGHT_PAREN, SEMICOLON, SLASH or STAR


Passed: 62 Failed: 76 Skipped: 0 (test/field/get_on_class.lox)
FAIL test/field/get_on_class.lox
     Expected runtime error 'Only instances have properties.' and got:
     parse error: Unrecognized token `class` found at 1:1
     Expected stack trace and got:
     Expected one of BANG, FALSE, FOR, FUN, IDENTIFIER, IF, LEFT_BRACE, LEFT_PAREN, MINUS, NIL, NUMBER, PRINT, STRING, TRUE, VAR or WHILE
     Expected return code 70 and got 65. Stderr:
     parse error: Unrecognized token `class` found at 1:1
     Expected one of BANG, FALSE, FOR, FUN, IDENTIFIER, IF, LEFT_BRACE, LEFT_PAREN, MINUS, NIL, NUMBER, PRINT, STRING, TRUE, VAR or WHILE


Passed: 62 Failed: 77 Skipped: 0 (test/field/call_nonfunction_field.lox)
FAIL test/field/call_nonfunction_field.lox
     Expected runtime error 'Can only call functions and classes.' and got:
     parse error: Unrecognized token `class` found at 1:1
     Expected stack trace and got:
     Expected one of BANG, FALSE, FOR, FUN, IDENTIFIER, IF, LEFT_BRACE, LEFT_PAREN, MINUS, NIL, NUMBER, PRINT, STRING, TRUE, VAR or WHILE
     Expected return code 70 and got 65. Stderr:
     parse error: Unrecognized token `class` found at 1:1
     Expected one of BANG, FALSE, FOR, FUN, IDENTIFIER, IF, LEFT_BRACE, LEFT_PAREN, MINUS, NIL, NUMBER, PRINT, STRING, TRUE, VAR or WHILE


Passed: 62 Failed: 78 Skipped: 0 (test/field/method_binds_this.lox)
FAIL test/field/method_binds_this.lox
     Unexpected output on stderr:
     parse error: Unrecognized token `class` found at 1:1
     Unexpected output on stderr:
     Expected one of BANG, FALSE, FOR, FUN, IDENTIFIER, IF, LEFT_BRACE, LEFT_PAREN, MINUS, NIL, NUMBER, PRINT, STRING, TRUE, VAR or WHILE
     Expected return code 0 and got 65. Stderr:
     parse error: Unrecognized token `class` found at 1:1
     Expected one of BANG, FALSE, FOR, FUN, IDENTIFIER, IF, LEFT_BRACE, LEFT_PAREN, MINUS, NIL, NUMBER, PRINT, STRING, TRUE, VAR or WHILE
     Missing expected output 'foo1' on line 18.
     Missing expected output '1' on line 19.


Passed: 62 Failed: 79 Skipped: 0 (test/field/set_on_num.lox)
FAIL test/field/set_on_num.lox
     Expected runtime error 'Only instances have fields.' and got:
     parse error: Unrecognized token `foo` found at 1:1
     Expected stack trace and got:
     Expected one of AND, BANG_EQUAL, COMMA, EQUAL_EQUAL, GREATER, GREATER_EQUAL, LEFT_PAREN, LESS, LESS_EQUAL, MINUS, OR, PLUS, RIGHT_PAREN, SEMICOLON, SLASH or STAR
     Expected return code 70 and got 65. Stderr:
     parse error: Unrecognized token `foo` found at 1:1
     Expected one of AND, BANG_EQUAL, COMMA, EQUAL_EQUAL, GREATER, GREATER_EQUAL, LEFT_PAREN, LESS, LESS_EQUAL, MINUS, OR, PLUS, RIGHT_PAREN, SEMICOLON, SLASH or STAR


Passed: 62 Failed: 80 Skipped: 0 (test/field/on_instance.lox)
FAIL test/field/on_instance.lox
     Unexpected output on stderr:
     parse error: Unrecognized token `class` found at 1:1
     Unexpected output on stderr:
     Expected one of BANG, FALSE, FOR, FUN, IDENTIFIER, IF, LEFT_BRACE, LEFT_PAREN, MINUS, NIL, NUMBER, PRINT, STRING, TRUE, VAR or WHILE
     Expected return code 0 and got 65. Stderr:
     parse error: Unrecognized token `class` found at 1:1
     Expected one of BANG, FALSE, FOR, FUN, IDENTIFIER, IF, LEFT_BRACE, LEFT_PAREN, MINUS, NIL, NUMBER, PRINT, STRING, TRUE, VAR or WHILE
     Missing expected output 'bar value' on line 5.
     Missing expected output 'baz value' on line 6.
     Missing expected output 'bar value' on line 8.
     Missing expected output 'baz value' on line 9.


Passed: 62 Failed: 81 Skipped: 0 (test/field/set_on_function.lox)
FAIL test/field/set_on_function.lox
     Expected runtime error 'Only instances have fields.' and got:
     parse error: Unrecognized token `.` found at 3:3
     Expected stack trace and got:
     Expected one of AND, BANG_EQUAL, COMMA, EQUAL, EQUAL_EQUAL, GREATER, GREATER_EQUAL, LEFT_PAREN, LESS, LESS_EQUAL, MINUS, OR, PLUS, RIGHT_PAREN, SEMICOLON, SLASH or STAR
     Expected return code 70 and got 65. Stderr:
     parse error: Unrecognized token `.` found at 3:3
     Expected one of AND, BANG_EQUAL, COMMA, EQUAL, EQUAL_EQUAL, GREATER, GREATER_EQUAL, LEFT_PAREN, LESS, LESS_EQUAL, MINUS, OR, PLUS, RIGHT_PAREN, SEMICOLON, SLASH or STAR


Passed: 62 Failed: 82 Skipped: 0 (test/field/get_on_nil.lox)
FAIL test/field/get_on_nil.lox
     Expected runtime error 'Only instances have properties.' and got:
     parse error: Unrecognized token `.` found at 1:1
     Expected stack trace and got:
     Expected one of AND, BANG_EQUAL, COMMA, EQUAL_EQUAL, GREATER, GREATER_EQUAL, LEFT_PAREN, LESS, LESS_EQUAL, MINUS, OR, PLUS, RIGHT_PAREN, SEMICOLON, SLASH or STAR
     Expected return code 70 and got 65. Stderr:
     parse error: Unrecognized token `.` found at 1:1
     Expected one of AND, BANG_EQUAL, COMMA, EQUAL_EQUAL, GREATER, GREATER_EQUAL, LEFT_PAREN, LESS, LESS_EQUAL, MINUS, OR, PLUS, RIGHT_PAREN, SEMICOLON, SLASH or STAR


Passed: 62 Failed: 83 Skipped: 0 (test/field/undefined.lox)
FAIL test/field/undefined.lox
     Expected runtime error 'Undefined property 'bar'.' and got:
     parse error: Unrecognized token `class` found at 1:1
     Expected stack trace and got:
     Expected one of BANG, FALSE, FOR, FUN, IDENTIFIER, IF, LEFT_BRACE, LEFT_PAREN, MINUS, NIL, NUMBER, PRINT, STRING, TRUE, VAR or WHILE
     Expected return code 70 and got 65. Stderr:
     parse error: Unrecognized token `class` found at 1:1
     Expected one of BANG, FALSE, FOR, FUN, IDENTIFIER, IF, LEFT_BRACE, LEFT_PAREN, MINUS, NIL, NUMBER, PRINT, STRING, TRUE, VAR or WHILE


Passed: 62 Failed: 84 Skipped: 0 (test/field/call_function_field.lox)
FAIL test/field/call_function_field.lox
     Unexpected output on stderr:
     parse error: Unrecognized token `class` found at 1:1
     Unexpected output on stderr:
     Expected one of BANG, FALSE, FOR, FUN, IDENTIFIER, IF, LEFT_BRACE, LEFT_PAREN, MINUS, NIL, NUMBER, PRINT, STRING, TRUE, VAR or WHILE
     Expected return code 0 and got 65. Stderr:
     parse error: Unrecognized token `class` found at 1:1
     Expected one of BANG, FALSE, FOR, FUN, IDENTIFIER, IF, LEFT_BRACE, LEFT_PAREN, MINUS, NIL, NUMBER, PRINT, STRING, TRUE, VAR or WHILE
     Missing expected output 'bar' on line 13.
     Missing expected output '1' on line 14.
     Missing expected output '2' on line 15.


Passed: 62 Failed: 85 Skipped: 0 (test/field/get_and_set_method.lox)
FAIL test/field/get_and_set_method.lox
     Unexpected output on stderr:
     parse error: Unrecognized token `class` found at 2:2
     Unexpected output on stderr:
     Expected one of BANG, FALSE, FOR, FUN, IDENTIFIER, IF, LEFT_BRACE, LEFT_PAREN, MINUS, NIL, NUMBER, PRINT, STRING, TRUE, VAR or WHILE
     Expected return code 0 and got 65. Stderr:
     parse error: Unrecognized token `class` found at 2:2
     Expected one of BANG, FALSE, FOR, FUN, IDENTIFIER, IF, LEFT_BRACE, LEFT_PAREN, MINUS, NIL, NUMBER, PRINT, STRING, TRUE, VAR or WHILE
     Missing expected output 'other' on line 19.
     Missing expected output '1' on line 20.
     Missing expected output 'method' on line 24.
     Missing expected output '2' on line 25.


Passed: 62 Failed: 86 Skipped: 0 (test/field/get_on_function.lox)
FAIL test/field/get_on_function.lox
     Expected runtime error 'Only instances have properties.' and got:
     parse error: Unrecognized token `.` found at 3:3
     Expected stack trace and got:
     Expected one of AND, BANG_EQUAL, COMMA, EQUAL, EQUAL_EQUAL, GREATER, GREATER_EQUAL, LEFT_PAREN, LESS, LESS_EQUAL, MINUS, OR, PLUS, RIGHT_PAREN, SEMICOLON, SLASH or STAR
     Expected return code 70 and got 65. Stderr:
     parse error: Unrecognized token `.` found at 3:3
     Expected one of AND, BANG_EQUAL, COMMA, EQUAL, EQUAL_EQUAL, GREATER, GREATER_EQUAL, LEFT_PAREN, LESS, LESS_EQUAL, MINUS, OR, PLUS, RIGHT_PAREN, SEMICOLON, SLASH or STAR


Passed: 62 Failed: 87 Skipped: 0 (test/field/get_on_bool.lox)
FAIL test/field/get_on_bool.lox
     Expected runtime error 'Only instances have properties.' and got:
     parse error: Unrecognized token `.` found at 1:1
     Expected stack trace and got:
     Expected one of AND, BANG_EQUAL, COMMA, EQUAL_EQUAL, GREATER, GREATER_EQUAL, LEFT_PAREN, LESS, LESS_EQUAL, MINUS, OR, PLUS, RIGHT_PAREN, SEMICOLON, SLASH or STAR
     Expected return code 70 and got 65. Stderr:
     parse error: Unrecognized token `.` found at 1:1
     Expected one of AND, BANG_EQUAL, COMMA, EQUAL_EQUAL, GREATER, GREATER_EQUAL, LEFT_PAREN, LESS, LESS_EQUAL, MINUS, OR, PLUS, RIGHT_PAREN, SEMICOLON, SLASH or STAR


Passed: 62 Failed: 88 Skipped: 0 (test/field/method.lox)
FAIL test/field/method.lox
     Unexpected output on stderr:
     parse error: Unrecognized token `class` found at 1:1
     Unexpected output on stderr:
     Expected one of BANG, FALSE, FOR, FUN, IDENTIFIER, IF, LEFT_BRACE, LEFT_PAREN, MINUS, NIL, NUMBER, PRINT, STRING, TRUE, VAR or WHILE
     Expected return code 0 and got 65. Stderr:
     parse error: Unrecognized token `class` found at 1:1
     Expected one of BANG, FALSE, FOR, FUN, IDENTIFIER, IF, LEFT_BRACE, LEFT_PAREN, MINUS, NIL, NUMBER, PRINT, STRING, TRUE, VAR or WHILE
     Missing expected output 'got method' on line 8.
     Missing expected output 'arg' on line 9.


Passed: 62 Failed: 89 Skipped: 0 (test/field/set_on_class.lox)
FAIL test/field/set_on_class.lox
     Expected runtime error 'Only instances have fields.' and got:
     parse error: Unrecognized token `class` found at 1:1
     Expected stack trace and got:
     Expected one of BANG, FALSE, FOR, FUN, IDENTIFIER, IF, LEFT_BRACE, LEFT_PAREN, MINUS, NIL, NUMBER, PRINT, STRING, TRUE, VAR or WHILE
     Expected return code 70 and got 65. Stderr:
     parse error: Unrecognized token `class` found at 1:1
     Expected one of BANG, FALSE, FOR, FUN, IDENTIFIER, IF, LEFT_BRACE, LEFT_PAREN, MINUS, NIL, NUMBER, PRINT, STRING, TRUE, VAR or WHILE


Passed: 62 Failed: 90 Skipped: 0 (test/field/get_on_num.lox)
FAIL test/field/get_on_num.lox
     Expected runtime error 'Only instances have properties.' and got:
     parse error: Unrecognized token `foo` found at 1:1
     Expected stack trace and got:
     Expected one of AND, BANG_EQUAL, COMMA, EQUAL_EQUAL, GREATER, GREATER_EQUAL, LEFT_PAREN, LESS, LESS_EQUAL, MINUS, OR, PLUS, RIGHT_PAREN, SEMICOLON, SLASH or STAR
     Expected return code 70 and got 65. Stderr:
     parse error: Unrecognized token `foo` found at 1:1
     Expected one of AND, BANG_EQUAL, COMMA, EQUAL_EQUAL, GREATER, GREATER_EQUAL, LEFT_PAREN, LESS, LESS_EQUAL, MINUS, OR, PLUS, RIGHT_PAREN, SEMICOLON, SLASH or STAR


Passed: 62 Failed: 91 Skipped: 0 (test/field/many.lox)
FAIL test/field/many.lox
     Unexpected output on stderr:
     parse error: Unrecognized token `class` found at 1:1
     Unexpected output on stderr:
     Expected one of BANG, FALSE, FOR, FUN, IDENTIFIER, IF, LEFT_BRACE, LEFT_PAREN, MINUS, NIL, NUMBER, PRINT, STRING, TRUE, VAR or WHILE
     Expected return code 0 and got 65. Stderr:
     parse error: Unrecognized token `class` found at 1:1
     Expected one of BANG, FALSE, FOR, FUN, IDENTIFIER, IF, LEFT_BRACE, LEFT_PAREN, MINUS, NIL, NUMBER, PRINT, STRING, TRUE, VAR or WHILE
     Missing expected output 'apple' on line 89.
     Missing expected output 'apricot' on line 90.
     Missing expected output 'avocado' on line 91.
     Missing expected output 'banana' on line 92.
     Missing expected output 'bilberry' on line 93.
     Missing expected output 'blackberry' on line 94.
     Missing expected output 'blackcurrant' on line 95.
     Missing expected output 'blueberry' on line 96.
     Missing expected output 'boysenberry' on line 97.
     Missing expected output 'cantaloupe' on line 98.
     Missing expected output 'cherimoya' on line 99.
     Missing expected output 'cherry' on line 100.
     Missing expected output 'clementine' on line 101.
     Missing expected output 'cloudberry' on line 102.
     Missing expected output 'coconut' on line 103.
     Missing expected output 'cranberry' on line 104.
     Missing expected output 'currant' on line 105.
     Missing expected output 'damson' on line 106.
     Missing expected output 'date' on line 107.
     Missing expected output 'dragonfruit' on line 108.
     Missing expected output 'durian' on line 109.
     Missing expected output 'elderberry' on line 110.
     Missing expected output 'feijoa' on line 111.
     Missing expected output 'fig' on line 112.
     Missing expected output 'gooseberry' on line 113.
     Missing expected output 'grape' on line 114.
     Missing expected output 'grapefruit' on line 115.
     Missing expected output 'guava' on line 116.
     Missing expected output 'honeydew' on line 117.
     Missing expected output 'huckleberry' on line 118.
     Missing expected output 'jabuticaba' on line 119.
     Missing expected output 'jackfruit' on line 120.
     Missing expected output 'jambul' on line 121.
     Missing expected output 'jujube' on line 122.
     Missing expected output 'juniper' on line 123.
     Missing expected output 'kiwifruit' on line 124.
     Missing expected output 'kumquat' on line 125.
     Missing expected output 'lemon' on line 126.
     Missing expected output 'lime' on line 127.
     Missing expected output 'longan' on line 128.
     Missing expected output 'loquat' on line 129.
     Missing expected output 'lychee' on line 130.
     Missing expected output 'mandarine' on line 131.
     Missing expected output 'mango' on line 132.
     Missing expected output 'marionberry' on line 133.
     Missing expected output 'melon' on line 134.
     Missing expected output 'miracle' on line 135.
     Missing expected output 'mulberry' on line 136.
     Missing expected output 'nance' on line 137.
     Missing expected output 'nectarine' on line 138.
     Missing expected output 'olive' on line 139.
     Missing expected output 'orange' on line 140.
     Missing expected output 'papaya' on line 141.
     Missing expected output 'passionfruit' on line 142.
     Missing expected output 'peach' on line 143.
     Missing expected output 'pear' on line 144.
     Missing expected output 'persimmon' on line 145.
     Missing expected output 'physalis' on line 146.
     Missing expected output 'pineapple' on line 147.
     Missing expected output 'plantain' on line 148.
     Missing expected output 'plum' on line 149.
     Missing expected output 'plumcot' on line 150.
     Missing expected output 'pomegranate' on line 151.
     Missing expected output 'pomelo' on line 152.
     Missing expected output 'quince' on line 153.
     Missing expected output 'raisin' on line 154.
     Missing expected output 'rambutan' on line 155.
     Missing expected output 'raspberry' on line 156.
     Missing expected output 'redcurrant' on line 157.
     Missing expected output 'salak' on line 158.
     Missing expected output 'salmonberry' on line 159.
     Missing expected output 'satsuma' on line 160.
     Missing expected output 'strawberry' on line 161.
     Missing expected output 'tamarillo' on line 162.
     Missing expected output 'tamarind' on line 163.
     Missing expected output 'tangerine' on line 164.
     Missing expected output 'tomato' on line 165.
     Missing expected output 'watermelon' on line 166.
     Missing expected output 'yuzu' on line 167.


Passed: 62 Failed: 92 Skipped: 0 (test/field/set_on_string.lox)
FAIL test/field/set_on_string.lox
     Expected runtime error 'Only instances have fields.' and got:
     parse error: Unrecognized token `.` found at 1:1
     Expected stack trace and got:
     Expected one of AND, BANG_EQUAL, COMMA, EQUAL_EQUAL, GREATER, GREATER_EQUAL, LEFT_PAREN, LESS, LESS_EQUAL, MINUS, OR, PLUS, RIGHT_PAREN, SEMICOLON, SLASH or STAR
     Expected return code 70 and got 65. Stderr:
     parse error: Unrecognized token `.` found at 1:1
     Expected one of AND, BANG_EQUAL, COMMA, EQUAL_EQUAL, GREATER, GREATER_EQUAL, LEFT_PAREN, LESS, LESS_EQUAL, MINUS, OR, PLUS, RIGHT_PAREN, SEMICOLON, SLASH or STAR


Passed: 62 Failed: 93 Skipped: 0 (test/field/set_on_bool.lox)
FAIL test/field/set_on_bool.lox
     Expected runtime error 'Only instances have fields.' and got:
     parse error: Unrecognized token `.` found at 1:1
     Expected stack trace and got:
     Expected one of AND, BANG_EQUAL, COMMA, EQUAL_EQUAL, GREATER, GREATER_EQUAL, LEFT_PAREN, LESS, LESS_EQUAL, MINUS, OR, PLUS, RIGHT_PAREN, SEMICOLON, SLASH or STAR
     Expected return code 70 and got 65. Stderr:
     parse error: Unrecognized token `.` found at 1:1
     Expected one of AND, BANG_EQUAL, COMMA, EQUAL_EQUAL, GREATER, GREATER_EQUAL, LEFT_PAREN, LESS, LESS_EQUAL, MINUS, OR, PLUS, RIGHT_PAREN, SEMICOLON, SLASH or STAR


Passed: 62 Failed: 94 Skipped: 0 (test/field/set_evaluation_order.lox)
FAIL test/field/set_evaluation_order.lox
     Expected runtime error 'Undefined variable 'undefined1'.' and got:
     parse error: Unrecognized token `.` found at 1:1
     Expected stack trace and got:
     Expected one of AND, BANG_EQUAL, COMMA, EQUAL, EQUAL_EQUAL, GREATER, GREATER_EQUAL, LEFT_PAREN, LESS, LESS_EQUAL, MINUS, OR, PLUS, RIGHT_PAREN, SEMICOLON, SLASH or STAR
     Expected return code 70 and got 65. Stderr:
     parse error: Unrecognized token `.` found at 1:1
     Expected one of AND, BANG_EQUAL, COMMA, EQUAL, EQUAL_EQUAL, GREATER, GREATER_EQUAL, LEFT_PAREN, LESS, LESS_EQUAL, MINUS, OR, PLUS, RIGHT_PAREN, SEMICOLON, SLASH or STAR


Passed: 62 Failed: 95 Skipped: 0 (test/method/extra_arguments.lox)
FAIL test/method/extra_arguments.lox
     Expected runtime error 'Expected 2 arguments but got 4.' and got:
     parse error: Unrecognized token `class` found at 1:1
     Expected stack trace and got:
     Expected one of BANG, FALSE, FOR, FUN, IDENTIFIER, IF, LEFT_BRACE, LEFT_PAREN, MINUS, NIL, NUMBER, PRINT, STRING, TRUE, VAR or WHILE
     Expected return code 70 and got 65. Stderr:
     parse error: Unrecognized token `class` found at 1:1
     Expected one of BANG, FALSE, FOR, FUN, IDENTIFIER, IF, LEFT_BRACE, LEFT_PAREN, MINUS, NIL, NUMBER, PRINT, STRING, TRUE, VAR or WHILE


Passed: 62 Failed: 96 Skipped: 0 (test/method/arity.lox)
FAIL test/method/arity.lox
     Unexpected output on stderr:
     parse error: Unrecognized token `class` found at 1:1
     Unexpected output on stderr:
     Expected one of BANG, FALSE, FOR, FUN, IDENTIFIER, IF, LEFT_BRACE, LEFT_PAREN, MINUS, NIL, NUMBER, PRINT, STRING, TRUE, VAR or WHILE
     Expected return code 0 and got 65. Stderr:
     parse error: Unrecognized token `class` found at 1:1
     Expected one of BANG, FALSE, FOR, FUN, IDENTIFIER, IF, LEFT_BRACE, LEFT_PAREN, MINUS, NIL, NUMBER, PRINT, STRING, TRUE, VAR or WHILE
     Missing expected output 'no args' on line 14.
     Missing expected output '1' on line 15.
     Missing expected output '3' on line 16.
     Missing expected output '6' on line 17.
     Missing expected output '10' on line 18.
     Missing expected output '15' on line 19.
     Missing expected output '21' on line 20.
     Missing expected output '28' on line 21.
     Missing expected output '36' on line 22.


Passed: 62 Failed: 97 Skipped: 0 (test/method/too_many_parameters.lox)
FAIL test/method/too_many_parameters.lox
     Unexpected output on stderr:
     parse error: Unrecognized token `class` found at 1:1
     Unexpected output on stderr:
     Expected one of BANG, FALSE, FOR, FUN, IDENTIFIER, IF, LEFT_BRACE, LEFT_PAREN, MINUS, NIL, NUMBER, PRINT, STRING, TRUE, VAR or WHILE
     Missing expected error: [258] Error at 'a': Can't have more than 255 parameters.


Passed: 62 Failed: 98 Skipped: 0 (test/method/missing_arguments.lox)
FAIL test/method/missing_arguments.lox
     Expected runtime error 'Expected 2 arguments but got 1.' and got:
     parse error: Unrecognized token `class` found at 1:1
     Expected stack trace and got:
     Expected one of BANG, FALSE, FOR, FUN, IDENTIFIER, IF, LEFT_BRACE, LEFT_PAREN, MINUS, NIL, NUMBER, PRINT, STRING, TRUE, VAR or WHILE
     Expected return code 70 and got 65. Stderr:
     parse error: Unrecognized token `class` found at 1:1
     Expected one of BANG, FALSE, FOR, FUN, IDENTIFIER, IF, LEFT_BRACE, LEFT_PAREN, MINUS, NIL, NUMBER, PRINT, STRING, TRUE, VAR or WHILE


Passed: 62 Failed: 99 Skipped: 0 (test/method/not_found.lox)
FAIL test/method/not_found.lox
     Expected runtime error 'Undefined property 'unknown'.' and got:
     parse error: Unrecognized token `class` found at 1:1
     Expected stack trace and got:
     Expected one of BANG, FALSE, FOR, FUN, IDENTIFIER, IF, LEFT_BRACE, LEFT_PAREN, MINUS, NIL, NUMBER, PRINT, STRING, TRUE, VAR or WHILE
     Expected return code 70 and got 65. Stderr:
     parse error: Unrecognized token `class` found at 1:1
     Expected one of BANG, FALSE, FOR, FUN, IDENTIFIER, IF, LEFT_BRACE, LEFT_PAREN, MINUS, NIL, NUMBER, PRINT, STRING, TRUE, VAR or WHILE


Passed: 62 Failed: 100 Skipped: 0 (test/method/too_many_arguments.lox)
FAIL test/method/too_many_arguments.lox
     Unexpected output on stderr:
     parse error: Unrecognized token `.` found at 3:3
     Unexpected output on stderr:
     Expected one of AND, BANG_EQUAL, COMMA, EQUAL_EQUAL, GREATER, GREATER_EQUAL, LEFT_PAREN, LESS, LESS_EQUAL, MINUS, OR, PLUS, RIGHT_PAREN, SEMICOLON, SLASH or STAR
     Missing expected error: [259] Error at 'a': Can't have more than 255 arguments.


Passed: 62 Failed: 101 Skipped: 0 (test/method/print_bound_method.lox)
FAIL test/method/print_bound_method.lox
     Unexpected output on stderr:
     parse error: Unrecognized token `class` found at 1:1
     Unexpected output on stderr:
     Expected one of BANG, FALSE, FOR, FUN, IDENTIFIER, IF, LEFT_BRACE, LEFT_PAREN, MINUS, NIL, NUMBER, PRINT, STRING, TRUE, VAR or WHILE
     Expected return code 0 and got 65. Stderr:
     parse error: Unrecognized token `class` found at 1:1
     Expected one of BANG, FALSE, FOR, FUN, IDENTIFIER, IF, LEFT_BRACE, LEFT_PAREN, MINUS, NIL, NUMBER, PRINT, STRING, TRUE, VAR or WHILE
     Missing expected output '<fn method>' on line 5.


Passed: 62 Failed: 102 Skipped: 0 (test/method/empty_block.lox)
FAIL test/method/empty_block.lox
     Unexpected output on stderr:
     parse error: Unrecognized token `class` found at 1:1
     Unexpected output on stderr:
     Expected one of BANG, FALSE, FOR, FUN, IDENTIFIER, IF, LEFT_BRACE, LEFT_PAREN, MINUS, NIL, NUMBER, PRINT, STRING, TRUE, VAR or WHILE
     Expected return code 0 and got 65. Stderr:
     parse error: Unrecognized token `class` found at 1:1
     Expected one of BANG, FALSE, FOR, FUN, IDENTIFIER, IF, LEFT_BRACE, LEFT_PAREN, MINUS, NIL, NUMBER, PRINT, STRING, TRUE, VAR or WHILE
     Missing expected output 'nil' on line 5.


Passed: 62 Failed: 103 Skipped: 0 (test/method/refer_to_name.lox)
FAIL test/method/refer_to_name.lox
     Expected runtime error 'Undefined variable 'method'.' and got:
     parse error: Unrecognized token `class` found at 1:1
     Expected stack trace and got:
     Expected one of BANG, FALSE, FOR, FUN, IDENTIFIER, IF, LEFT_BRACE, LEFT_PAREN, MINUS, NIL, NUMBER, PRINT, STRING, TRUE, VAR or WHILE
     Expected return code 70 and got 65. Stderr:
     parse error: Unrecognized token `class` found at 1:1
     Expected one of BANG, FALSE, FOR, FUN, IDENTIFIER, IF, LEFT_BRACE, LEFT_PAREN, MINUS, NIL, NUMBER, PRINT, STRING, TRUE, VAR or WHILE


Passed: 62 Failed: 104 Skipped: 0 (test/regression/394.lox)
FAIL test/regression/394.lox
     Unexpected output on stderr:
     parse error: Unrecognized token `class` found at 2:2
     Unexpected output on stderr:
     Expected one of BANG, FALSE, FOR, FUN, IDENTIFIER, IF, LEFT_BRACE, LEFT_PAREN, MINUS, NIL, NUMBER, PRINT, RIGHT_BRACE, STRING, TRUE, VAR or WHILE
     Expected return code 0 and got 65. Stderr:
     parse error: Unrecognized token `class` found at 2:2
     Expected one of BANG, FALSE, FOR, FUN, IDENTIFIER, IF, LEFT_BRACE, LEFT_PAREN, MINUS, NIL, NUMBER, PRINT, RIGHT_BRACE, STRING, TRUE, VAR or WHILE
     Missing expected output 'B' on line 4.


Passed: 62 Failed: 105 Skipped: 0 (test/regression/40.lox)
FAIL test/regression/40.lox
     Unexpected output on stderr:
     Expected 0 arguments but got 1.
     Unexpected output on stderr:
     [line 19] in callCaller()
     Unexpected output on stderr:
     [line 22] in script
     Expected return code 0 and got 70. Stderr:
     Expected 0 arguments but got 1.
     [line 19] in callCaller()
     [line 22] in script
     
     Missing expected output 'false' on line 4.


Passed: 62 Failed: 106 Skipped: 0 (test/assignment/grouping.lox)
FAIL test/assignment/grouping.lox
     Unexpected output on stderr:
     parse error: Unrecognized token `=` found at 2:2
     Unexpected output on stderr:
     Expected one of AND, BANG_EQUAL, COMMA, EQUAL_EQUAL, GREATER, GREATER_EQUAL, LEFT_PAREN, LESS, LESS_EQUAL, MINUS, OR, PLUS, RIGHT_PAREN, SEMICOLON, SLASH or STAR
     Missing expected error: [2] Error at '=': Invalid assignment target.


Passed: 62 Failed: 107 Skipped: 0 (test/assignment/syntax.lox)
Passed: 63 Failed: 107 Skipped: 0 (test/assignment/infix_operator.lox)
FAIL test/assignment/infix_operator.lox
     Unexpected output on stderr:
     parse error: Unrecognized token `=` found at 3:3
     Unexpected output on stderr:
     Expected one of AND, BANG_EQUAL, COMMA, EQUAL_EQUAL, GREATER, GREATER_EQUAL, LEFT_PAREN, LESS, LESS_EQUAL, MINUS, OR, PLUS, RIGHT_PAREN, SEMICOLON, SLASH or STAR
     Missing expected error: [3] Error at '=': Invalid assignment target.


Passed: 63 Failed: 108 Skipped: 0 (test/assignment/undefined.lox)
Passed: 64 Failed: 108 Skipped: 0 (test/assignment/prefix_operator.lox)
FAIL test/assignment/prefix_operator.lox
     Unexpected output on stderr:
     parse error: Unrecognized token `=` found at 2:2
     Unexpected output on stderr:
     Expected one of AND, BANG_EQUAL, COMMA, EQUAL_EQUAL, GREATER, GREATER_EQUAL, LEFT_PAREN, LESS, LESS_EQUAL, MINUS, OR, PLUS, RIGHT_PAREN, SEMICOLON, SLASH or STAR
     Missing expected error: [2] Error at '=': Invalid assignment target.


Passed: 64 Failed: 109 Skipped: 0 (test/assignment/associativity.lox)
Passed: 65 Failed: 109 Skipped: 0 (test/assignment/local.lox)
Passed: 66 Failed: 109 Skipped: 0 (test/assignment/to_this.lox)
FAIL test/assignment/to_this.lox
     Unexpected output on stderr:
     parse error: Unrecognized token `class` found at 1:1
     Unexpected output on stderr:
     Expected one of BANG, FALSE, FOR, FUN, IDENTIFIER, IF, LEFT_BRACE, LEFT_PAREN, MINUS, NIL, NUMBER, PRINT, STRING, TRUE, VAR or WHILE
     Missing expected error: [3] Error at '=': Invalid assignment target.


Passed: 66 Failed: 110 Skipped: 0 (test/assignment/global.lox)
Passed: 67 Failed: 110 Skipped: 0 (test/scanning/punctuators.lox)
Passed: 67 Failed: 110 Skipped: 1 (test/scanning/whitespace.lox)
Passed: 67 Failed: 110 Skipped: 2 (test/scanning/numbers.lox)
Passed: 67 Failed: 110 Skipped: 3 (test/scanning/strings.lox)
Passed: 67 Failed: 110 Skipped: 4 (test/scanning/identifiers.lox)
Passed: 67 Failed: 110 Skipped: 5 (test/scanning/keywords.lox)
Passed: 67 Failed: 110 Skipped: 6 (test/nil/literal.lox)
Passed: 68 Failed: 110 Skipped: 6 (test/for/statement_initializer.lox)
FAIL test/for/statement_initializer.lox
     Unexpected output on stderr:
     parse error: Unrecognized token `{` found at 3:3
     Unexpected output on stderr:
     Expected one of BANG, FALSE, IDENTIFIER, LEFT_PAREN, MINUS, NIL, NUMBER, SEMICOLON, STRING, TRUE or VAR
     Missing expected error: [3] Error at '{': Expect expression.
     Missing expected error: [3] Error at ')': Expect ';' after expression.


Passed: 68 Failed: 111 Skipped: 6 (test/for/closure_in_body.lox)
FAIL test/for/closure_in_body.lox
     Unexpected output on stderr:
     Undefined variable 'i'.
     Unexpected output on stderr:
     [line 8] in f()
     Unexpected output on stderr:
     [line 17] in script
     Expected return code 0 and got 70. Stderr:
     Undefined variable 'i'.
     [line 8] in f()
     [line 17] in script
     
     Missing expected output '4' on line 17.
     Missing expected output '1' on line 18.
     Missing expected output '4' on line 19.
     Missing expected output '2' on line 20.
     Missing expected output '4' on line 21.
     Missing expected output '3' on line 22.


Passed: 68 Failed: 112 Skipped: 6 (test/for/syntax.lox)
FAIL test/for/syntax.lox
     Unexpected output on stderr:
     parse error: Unrecognized token `return` found at 17:17
     Unexpected output on stderr:
     Expected one of BANG, FALSE, FOR, IDENTIFIER, IF, LEFT_BRACE, LEFT_PAREN, MINUS, NIL, NUMBER, PRINT, STRING, TRUE or WHILE
     Expected return code 0 and got 65. Stderr:
     parse error: Unrecognized token `return` found at 17:17
     Expected one of BANG, FALSE, FOR, IDENTIFIER, IF, LEFT_BRACE, LEFT_PAREN, MINUS, NIL, NUMBER, PRINT, STRING, TRUE or WHILE
     Missing expected output '1' on line 3.
     Missing expected output '2' on line 4.
     Missing expected output '3' on line 5.
     Missing expected output '0' on line 11.
     Missing expected output '1' on line 12.
     Missing expected output '2' on line 13.
     Missing expected output 'done' on line 19.
     Missing expected output '0' on line 24.
     Missing expected output '1' on line 25.
     Missing expected output '0' on line 35.
     Missing expected output '1' on line 36.
     Missing expected output '2' on line 37.
     Missing expected output '0' on line 44.
     Missing expected output '1' on line 45.


Passed: 68 Failed: 113 Skipped: 6 (test/for/return_inside.lox)
FAIL test/for/return_inside.lox
     Unexpected output on stderr:
     parse error: Unrecognized token `return` found at 4:4
     Unexpected output on stderr:
     Expected one of BANG, FALSE, FOR, FUN, IDENTIFIER, IF, LEFT_BRACE, LEFT_PAREN, MINUS, NIL, NUMBER, PRINT, RIGHT_BRACE, SEMICOLON, STRING, TRUE, VAR or WHILE
     Expected return code 0 and got 65. Stderr:
     parse error: Unrecognized token `return` found at 4:4
     Expected one of BANG, FALSE, FOR, FUN, IDENTIFIER, IF, LEFT_BRACE, LEFT_PAREN, MINUS, NIL, NUMBER, PRINT, RIGHT_BRACE, SEMICOLON, STRING, TRUE, VAR or WHILE
     Missing expected output 'i' on line 9.


Passed: 68 Failed: 114 Skipped: 6 (test/for/statement_increment.lox)
FAIL test/for/statement_increment.lox
     Unexpected output on stderr:
     parse error: Unrecognized token `{` found at 2:2
     Unexpected output on stderr:
     Expected one of BANG, FALSE, IDENTIFIER, LEFT_PAREN, MINUS, NIL, NUMBER, RIGHT_PAREN, STRING or TRUE
     Missing expected error: [2] Error at '{': Expect expression.


Passed: 68 Failed: 115 Skipped: 6 (test/for/fun_in_body.lox)
FAIL test/for/fun_in_body.lox
     Unexpected output on stderr:
     parse error: Unrecognized token `fun` found at 2:2
     Unexpected output on stderr:
     Expected one of BANG, FALSE, FOR, IDENTIFIER, IF, LEFT_BRACE, LEFT_PAREN, MINUS, NIL, NUMBER, PRINT, STRING, TRUE or WHILE
     Missing expected error: [2] Error at 'fun': Expect expression.


Passed: 68 Failed: 116 Skipped: 6 (test/for/var_in_body.lox)
FAIL test/for/var_in_body.lox
     Unexpected output on stderr:
     parse error: Unrecognized token `var` found at 2:2
     Unexpected output on stderr:
     Expected one of BANG, FALSE, FOR, IDENTIFIER, IF, LEFT_BRACE, LEFT_PAREN, MINUS, NIL, NUMBER, PRINT, STRING, TRUE or WHILE
     Missing expected error: [2] Error at 'var': Expect expression.


Passed: 68 Failed: 117 Skipped: 6 (test/for/class_in_body.lox)
FAIL test/for/class_in_body.lox
     Unexpected output on stderr:
     parse error: Unrecognized token `class` found at 2:2
     Unexpected output on stderr:
     Expected one of BANG, FALSE, FOR, IDENTIFIER, IF, LEFT_BRACE, LEFT_PAREN, MINUS, NIL, NUMBER, PRINT, STRING, TRUE or WHILE
     Missing expected error: [2] Error at 'class': Expect expression.


Passed: 68 Failed: 118 Skipped: 6 (test/for/scope.lox)
Passed: 69 Failed: 118 Skipped: 6 (test/for/return_closure.lox)
FAIL test/for/return_closure.lox
     Unexpected output on stderr:
     parse error: Unrecognized token `return` found at 5:5
     Unexpected output on stderr:
     Expected one of BANG, FALSE, FOR, FUN, IDENTIFIER, IF, LEFT_BRACE, LEFT_PAREN, MINUS, NIL, NUMBER, PRINT, RIGHT_BRACE, STRING, TRUE, VAR or WHILE
     Expected return code 0 and got 65. Stderr:
     parse error: Unrecognized token `return` found at 5:5
     Expected one of BANG, FALSE, FOR, FUN, IDENTIFIER, IF, LEFT_BRACE, LEFT_PAREN, MINUS, NIL, NUMBER, PRINT, RIGHT_BRACE, STRING, TRUE, VAR or WHILE
     Missing expected output 'i' on line 10.


Passed: 69 Failed: 119 Skipped: 6 (test/for/statement_condition.lox)
FAIL test/for/statement_condition.lox
     Unexpected output on stderr:
     parse error: Unrecognized token `{` found at 3:3
     Unexpected output on stderr:
     Expected one of BANG, FALSE, IDENTIFIER, LEFT_PAREN, MINUS, NIL, NUMBER, SEMICOLON, STRING or TRUE
     Missing expected error: [3] Error at '{': Expect expression.
     Missing expected error: [3] Error at ')': Expect ';' after expression.


Passed: 69 Failed: 120 Skipped: 6 (test/comments/line_at_eof.lox)
Passed: 70 Failed: 120 Skipped: 6 (test/comments/only_line_comment_and_line.lox)
Passed: 71 Failed: 120 Skipped: 6 (test/comments/only_line_comment.lox)
Passed: 72 Failed: 120 Skipped: 6 (test/comments/unicode.lox)
Passed: 73 Failed: 120 Skipped: 6 (test/expressions/parse.lox)
Passed: 73 Failed: 120 Skipped: 7 (test/expressions/evaluate.lox)
Passed: 73 Failed: 120 Skipped: 8 (test/logical_operator/or_truth.lox)
Passed: 74 Failed: 120 Skipped: 8 (test/logical_operator/and_truth.lox)
Passed: 75 Failed: 120 Skipped: 8 (test/logical_operator/or.lox)
Passed: 76 Failed: 120 Skipped: 8 (test/logical_operator/and.lox)
Passed: 77 Failed: 120 Skipped: 8 (test/limit/too_many_upvalues.lox)
FAIL test/limit/too_many_upvalues.lox
     Unexpected error:
     [line 102] Error: Too many constants in one chunk.
     Missing expected error: [102] Error at 'oops': Too many closure variables in function.


Passed: 77 Failed: 121 Skipped: 8 (test/limit/too_many_locals.lox)
FAIL test/limit/too_many_locals.lox
     Unexpected error:
     [line 52] Error: Too many local variables in function.
     Missing expected error: [52] Error at 'oops': Too many local variables in function.


Passed: 77 Failed: 122 Skipped: 8 (test/limit/no_reuse_constants.lox)
FAIL test/limit/no_reuse_constants.lox
     Unexpected error:
     [line 35] Error: Too many constants in one chunk.
     Missing expected error: [35] Error at '1': Too many constants in one chunk.


Passed: 77 Failed: 123 Skipped: 8 (test/limit/stack_overflow.lox)
Passed: 78 Failed: 123 Skipped: 8 (test/limit/too_many_constants.lox)
FAIL test/limit/too_many_constants.lox
     Unexpected error:
     [line 35] Error: Too many constants in one chunk.
     Missing expected error: [35] Error at '"oops"': Too many constants in one chunk.


Passed: 78 Failed: 124 Skipped: 8 (test/limit/loop_too_large.lox)
FAIL test/limit/loop_too_large.lox
     Unexpected error:
     [line 2351] Error: Loop body too large.
     Missing expected error: [2351] Error at '}': Loop body too large.


Passed: 78 Failed: 125 Skipped: 8 (test/class/empty.lox)
FAIL test/class/empty.lox
     Unexpected output on stderr:
     parse error: Unrecognized token `class` found at 1:1
     Unexpected output on stderr:
     Expected one of BANG, FALSE, FOR, FUN, IDENTIFIER, IF, LEFT_BRACE, LEFT_PAREN, MINUS, NIL, NUMBER, PRINT, STRING, TRUE, VAR or WHILE
     Expected return code 0 and got 65. Stderr:
     parse error: Unrecognized token `class` found at 1:1
     Expected one of BANG, FALSE, FOR, FUN, IDENTIFIER, IF, LEFT_BRACE, LEFT_PAREN, MINUS, NIL, NUMBER, PRINT, STRING, TRUE, VAR or WHILE
     Missing expected output 'Foo' on line 3.


Passed: 78 Failed: 126 Skipped: 8 (test/class/inherit_self.lox)
FAIL test/class/inherit_self.lox
     Unexpected output on stderr:
     parse error: Unrecognized token `class` found at 1:1
     Unexpected output on stderr:
     Expected one of BANG, FALSE, FOR, FUN, IDENTIFIER, IF, LEFT_BRACE, LEFT_PAREN, MINUS, NIL, NUMBER, PRINT, STRING, TRUE, VAR or WHILE
     Missing expected error: [1] Error at 'Foo': A class can't inherit from itself.


Passed: 78 Failed: 127 Skipped: 8 (test/class/reference_self.lox)
FAIL test/class/reference_self.lox
     Unexpected output on stderr:
     parse error: Unrecognized token `class` found at 1:1
     Unexpected output on stderr:
     Expected one of BANG, FALSE, FOR, FUN, IDENTIFIER, IF, LEFT_BRACE, LEFT_PAREN, MINUS, NIL, NUMBER, PRINT, STRING, TRUE, VAR or WHILE
     Expected return code 0 and got 65. Stderr:
     parse error: Unrecognized token `class` found at 1:1
     Expected one of BANG, FALSE, FOR, FUN, IDENTIFIER, IF, LEFT_BRACE, LEFT_PAREN, MINUS, NIL, NUMBER, PRINT, STRING, TRUE, VAR or WHILE
     Missing expected output 'Foo' on line 7.


Passed: 78 Failed: 128 Skipped: 8 (test/class/local_inherit_other.lox)
FAIL test/class/local_inherit_other.lox
     Unexpected output on stderr:
     parse error: Unrecognized token `class` found at 1:1
     Unexpected output on stderr:
     Expected one of BANG, FALSE, FOR, FUN, IDENTIFIER, IF, LEFT_BRACE, LEFT_PAREN, MINUS, NIL, NUMBER, PRINT, STRING, TRUE, VAR or WHILE
     Expected return code 0 and got 65. Stderr:
     parse error: Unrecognized token `class` found at 1:1
     Expected one of BANG, FALSE, FOR, FUN, IDENTIFIER, IF, LEFT_BRACE, LEFT_PAREN, MINUS, NIL, NUMBER, PRINT, STRING, TRUE, VAR or WHILE
     Missing expected output 'B' on line 8.


Passed: 78 Failed: 129 Skipped: 8 (test/class/inherited_method.lox)
FAIL test/class/inherited_method.lox
     Unexpected output on stderr:
     parse error: Unrecognized token `class` found at 1:1
     Unexpected output on stderr:
     Expected one of BANG, FALSE, FOR, FUN, IDENTIFIER, IF, LEFT_BRACE, LEFT_PAREN, MINUS, NIL, NUMBER, PRINT, STRING, TRUE, VAR or WHILE
     Expected return code 0 and got 65. Stderr:
     parse error: Unrecognized token `class` found at 1:1
     Expected one of BANG, FALSE, FOR, FUN, IDENTIFIER, IF, LEFT_BRACE, LEFT_PAREN, MINUS, NIL, NUMBER, PRINT, STRING, TRUE, VAR or WHILE
     Missing expected output 'in foo' on line 20.
     Missing expected output 'in bar' on line 21.
     Missing expected output 'in baz' on line 22.


Passed: 78 Failed: 130 Skipped: 8 (test/class/local_reference_self.lox)
FAIL test/class/local_reference_self.lox
     Unexpected output on stderr:
     parse error: Unrecognized token `class` found at 2:2
     Unexpected output on stderr:
     Expected one of BANG, FALSE, FOR, FUN, IDENTIFIER, IF, LEFT_BRACE, LEFT_PAREN, MINUS, NIL, NUMBER, PRINT, RIGHT_BRACE, STRING, TRUE, VAR or WHILE
     Expected return code 0 and got 65. Stderr:
     parse error: Unrecognized token `class` found at 2:2
     Expected one of BANG, FALSE, FOR, FUN, IDENTIFIER, IF, LEFT_BRACE, LEFT_PAREN, MINUS, NIL, NUMBER, PRINT, RIGHT_BRACE, STRING, TRUE, VAR or WHILE
     Missing expected output 'Foo' on line 8.


Passed: 78 Failed: 131 Skipped: 8 (test/class/local_inherit_self.lox)
FAIL test/class/local_inherit_self.lox
     Unexpected output on stderr:
     parse error: Unrecognized token `class` found at 2:2
     Unexpected output on stderr:
     Expected one of BANG, FALSE, FOR, FUN, IDENTIFIER, IF, LEFT_BRACE, LEFT_PAREN, MINUS, NIL, NUMBER, PRINT, RIGHT_BRACE, STRING, TRUE, VAR or WHILE
     Missing expected error: [2] Error at 'Foo': A class can't inherit from itself.
     Missing expected error: [5] Error at end: Expect '}' after block.


Passed: 78 Failed: 132 Skipped: 8 (test/closure/close_over_function_parameter.lox)
FAIL test/closure/close_over_function_parameter.lox
     Unexpected output on stderr:
     Expected 0 arguments but got 1.
     Unexpected output on stderr:
     [line 9] in script
     Expected return code 0 and got 70. Stderr:
     Expected 0 arguments but got 1.
     [line 9] in script
     
     Missing expected output 'param' on line 11.


Passed: 78 Failed: 133 Skipped: 8 (test/closure/reuse_closure_slot.lox)
FAIL test/closure/reuse_closure_slot.lox
     Unexpected output on stderr:
     Undefined variable 'a'.
     Unexpected output on stderr:
     [line 6] in f_()
     Unexpected output on stderr:
     [line 14] in script
     Expected return code 0 and got 70. Stderr:
     Undefined variable 'a'.
     [line 6] in f_()
     [line 14] in script
     
     Missing expected output 'a' on line 14.


Passed: 78 Failed: 134 Skipped: 8 (test/closure/close_over_later_variable.lox)
FAIL test/closure/close_over_later_variable.lox
     Unexpected output on stderr:
     Undefined variable 'b'.
     Unexpected output on stderr:
     [line 10] in g()
     Unexpected output on stderr:
     [line 13] in f()
     Unexpected output on stderr:
     [line 15] in script
     Expected return code 0 and got 70. Stderr:
     Undefined variable 'b'.
     [line 10] in g()
     [line 13] in f()
     [line 15] in script
     
     Missing expected output 'b' on line 10.
     Missing expected output 'a' on line 11.


Passed: 78 Failed: 135 Skipped: 8 (test/closure/nested_closure.lox)
FAIL test/closure/nested_closure.lox
     Unexpected output on stderr:
     Undefined variable 'a'.
     Unexpected output on stderr:
     [line 10] in f4()
     Unexpected output on stderr:
     [line 22] in script
     Expected return code 0 and got 70. Stderr:
     Undefined variable 'a'.
     [line 10] in f4()
     [line 22] in script
     
     Missing expected output 'a' on line 23.
     Missing expected output 'b' on line 24.
     Missing expected output 'c' on line 25.


Passed: 78 Failed: 136 Skipped: 8 (test/closure/assign_to_shadowed_later.lox)
FAIL test/closure/assign_to_shadowed_later.lox
     Unexpected output on stderr:
     thread 'main' panicked at 'index out of bounds: the len is 0 but the index is 2', src/vm.rs:211:33
     Unexpected output on stderr:
     note: run with `RUST_BACKTRACE=1` environment variable to display a backtrace
     Expected return code 0 and got 101. Stderr:
     thread 'main' panicked at 'index out of bounds: the len is 0 but the index is 2', src/vm.rs:211:33
     note: run with `RUST_BACKTRACE=1` environment variable to display a backtrace
     Missing expected output 'inner' on line 10.
     Missing expected output 'assigned' on line 13.


Passed: 78 Failed: 137 Skipped: 8 (test/closure/shadow_closure_with_local.lox)
FAIL test/closure/shadow_closure_with_local.lox
     Unexpected output on stderr:
     Undefined variable 'foo'.
     Unexpected output on stderr:
     [line 5] in f()
     Unexpected output on stderr:
     [line 11] in script
     Expected return code 0 and got 70. Stderr:
     Undefined variable 'foo'.
     [line 5] in f()
     [line 11] in script
     
     Missing expected output 'closure' on line 5.
     Missing expected output 'shadow' on line 7.
     Missing expected output 'closure' on line 9.


Passed: 78 Failed: 138 Skipped: 8 (test/closure/unused_later_closure.lox)
FAIL test/closure/unused_later_closure.lox
     Unexpected output on stderr:
     parse error: Unrecognized token `return` found at 15:15
     Unexpected output on stderr:
     Expected one of BANG, FALSE, FOR, FUN, IDENTIFIER, IF, LEFT_BRACE, LEFT_PAREN, MINUS, NIL, NUMBER, PRINT, RIGHT_BRACE, STRING, TRUE, VAR or WHILE
     Expected return code 0 and got 65. Stderr:
     parse error: Unrecognized token `return` found at 15:15
     Expected one of BANG, FALSE, FOR, FUN, IDENTIFIER, IF, LEFT_BRACE, LEFT_PAREN, MINUS, NIL, NUMBER, PRINT, RIGHT_BRACE, STRING, TRUE, VAR or WHILE
     Missing expected output 'a' on line 27.


Passed: 78 Failed: 139 Skipped: 8 (test/closure/closed_closure_in_function.lox)
FAIL test/closure/closed_closure_in_function.lox
     Unexpected output on stderr:
     Undefined variable 'local'.
     Unexpected output on stderr:
     [line 6] in f_()
     Unexpected output on stderr:
     [line 11] in script
     Expected return code 0 and got 70. Stderr:
     Undefined variable 'local'.
     [line 6] in f_()
     [line 11] in script
     
     Missing expected output 'local' on line 11.


Passed: 78 Failed: 140 Skipped: 8 (test/closure/unused_closure.lox)
Passed: 79 Failed: 140 Skipped: 8 (test/closure/assign_to_closure.lox)
FAIL test/closure/assign_to_closure.lox
     Unexpected output on stderr:
     Undefined variable 'local'.
     Unexpected output on stderr:
     [line 7] in f_()
     Unexpected output on stderr:
     [line 21] in script
     Expected return code 0 and got 70. Stderr:
     Undefined variable 'local'.
     [line 7] in f_()
     [line 21] in script
     
     Missing expected output 'local' on line 22.
     Missing expected output 'after f' on line 23.
     Missing expected output 'after f' on line 26.
     Missing expected output 'after g' on line 27.


Passed: 79 Failed: 141 Skipped: 8 (test/closure/reference_closure_multiple_times.lox)
FAIL test/closure/reference_closure_multiple_times.lox
     Unexpected output on stderr:
     Undefined variable 'a'.
     Unexpected output on stderr:
     [line 6] in f_()
     Unexpected output on stderr:
     [line 12] in script
     Expected return code 0 and got 70. Stderr:
     Undefined variable 'a'.
     [line 6] in f_()
     [line 12] in script
     
     Missing expected output 'a' on line 13.
     Missing expected output 'a' on line 14.


Passed: 79 Failed: 142 Skipped: 8 (test/closure/open_closure_in_function.lox)
FAIL test/closure/open_closure_in_function.lox
     Unexpected output on stderr:
     Undefined variable 'local'.
     Unexpected output on stderr:
     [line 4] in f()
     Unexpected output on stderr:
     [line 6] in script
     Expected return code 0 and got 70. Stderr:
     Undefined variable 'local'.
     [line 4] in f()
     [line 6] in script
     
     Missing expected output 'local' on line 4.


Passed: 79 Failed: 143 Skipped: 8 (test/closure/close_over_method_parameter.lox)
FAIL test/closure/close_over_method_parameter.lox
     Unexpected output on stderr:
     parse error: Unrecognized token `class` found at 3:3
     Unexpected output on stderr:
     Expected one of BANG, FALSE, FOR, FUN, IDENTIFIER, IF, LEFT_BRACE, LEFT_PAREN, MINUS, NIL, NUMBER, PRINT, RIGHT_BRACE, SEMICOLON, STRING, TRUE, VAR or WHILE
     Expected return code 0 and got 65. Stderr:
     parse error: Unrecognized token `class` found at 3:3
     Expected one of BANG, FALSE, FOR, FUN, IDENTIFIER, IF, LEFT_BRACE, LEFT_PAREN, MINUS, NIL, NUMBER, PRINT, RIGHT_BRACE, SEMICOLON, STRING, TRUE, VAR or WHILE
     Missing expected output 'param' on line 13.


Passed: 79 Failed: 144 Skipped: 8 (test/block/empty.lox)
Passed: 80 Failed: 144 Skipped: 8 (test/block/scope.lox)
Passed: 81 Failed: 144 Skipped: 8 (test/print/missing_argument.lox)
FAIL test/print/missing_argument.lox
     Unexpected output on stderr:
     parse error: Unrecognized token `;` found at 2:2
     Unexpected output on stderr:
     Expected one of BANG, FALSE, IDENTIFIER, LEFT_PAREN, MINUS, NIL, NUMBER, STRING or TRUE
     Missing expected error: [2] Error at ';': Expect expression.


Passed: 81 Failed: 145 Skipped: 8 (test/this/this_at_top_level.lox)
FAIL test/this/this_at_top_level.lox
     Unexpected output on stderr:
     parse error: Unrecognized token `this` found at 1:1
     Unexpected output on stderr:
     Expected one of BANG, FALSE, FOR, FUN, IDENTIFIER, IF, LEFT_BRACE, LEFT_PAREN, MINUS, NIL, NUMBER, PRINT, STRING, TRUE, VAR or WHILE
     Missing expected error: [1] Error at 'this': Can't use 'this' outside of a class.


Passed: 81 Failed: 146 Skipped: 8 (test/this/nested_closure.lox)
FAIL test/this/nested_closure.lox
     Unexpected output on stderr:
     parse error: Unrecognized token `class` found at 1:1
     Unexpected output on stderr:
     Expected one of BANG, FALSE, FOR, FUN, IDENTIFIER, IF, LEFT_BRACE, LEFT_PAREN, MINUS, NIL, NUMBER, PRINT, STRING, TRUE, VAR or WHILE
     Expected return code 0 and got 65. Stderr:
     parse error: Unrecognized token `class` found at 1:1
     Expected one of BANG, FALSE, FOR, FUN, IDENTIFIER, IF, LEFT_BRACE, LEFT_PAREN, MINUS, NIL, NUMBER, PRINT, STRING, TRUE, VAR or WHILE
     Missing expected output 'Foo' on line 19.


Passed: 81 Failed: 147 Skipped: 8 (test/this/nested_class.lox)
FAIL test/this/nested_class.lox
     Unexpected output on stderr:
     parse error: Unrecognized token `class` found at 1:1
     Unexpected output on stderr:
     Expected one of BANG, FALSE, FOR, FUN, IDENTIFIER, IF, LEFT_BRACE, LEFT_PAREN, MINUS, NIL, NUMBER, PRINT, STRING, TRUE, VAR or WHILE
     Expected return code 0 and got 65. Stderr:
     parse error: Unrecognized token `class` found at 1:1
     Expected one of BANG, FALSE, FOR, FUN, IDENTIFIER, IF, LEFT_BRACE, LEFT_PAREN, MINUS, NIL, NUMBER, PRINT, STRING, TRUE, VAR or WHILE
     Missing expected output 'Outer instance' on line 3.
     Missing expected output 'Outer instance' on line 6.
     Missing expected output 'Inner instance' on line 10.


Passed: 81 Failed: 148 Skipped: 8 (test/this/closure.lox)
FAIL test/this/closure.lox
     Unexpected output on stderr:
     parse error: Unrecognized token `class` found at 1:1
     Unexpected output on stderr:
     Expected one of BANG, FALSE, FOR, FUN, IDENTIFIER, IF, LEFT_BRACE, LEFT_PAREN, MINUS, NIL, NUMBER, PRINT, STRING, TRUE, VAR or WHILE
     Expected return code 0 and got 65. Stderr:
     parse error: Unrecognized token `class` found at 1:1
     Expected one of BANG, FALSE, FOR, FUN, IDENTIFIER, IF, LEFT_BRACE, LEFT_PAREN, MINUS, NIL, NUMBER, PRINT, STRING, TRUE, VAR or WHILE
     Missing expected output 'Foo' on line 13.


Passed: 81 Failed: 149 Skipped: 8 (test/this/this_in_method.lox)
FAIL test/this/this_in_method.lox
     Unexpected output on stderr:
     parse error: Unrecognized token `class` found at 1:1
     Unexpected output on stderr:
     Expected one of BANG, FALSE, FOR, FUN, IDENTIFIER, IF, LEFT_BRACE, LEFT_PAREN, MINUS, NIL, NUMBER, PRINT, STRING, TRUE, VAR or WHILE
     Expected return code 0 and got 65. Stderr:
     parse error: Unrecognized token `class` found at 1:1
     Expected one of BANG, FALSE, FOR, FUN, IDENTIFIER, IF, LEFT_BRACE, LEFT_PAREN, MINUS, NIL, NUMBER, PRINT, STRING, TRUE, VAR or WHILE
     Missing expected output 'baz' on line 6.


Passed: 81 Failed: 150 Skipped: 8 (test/this/this_in_top_level_function.lox)
FAIL test/this/this_in_top_level_function.lox
     Unexpected output on stderr:
     parse error: Unrecognized token `this` found at 2:2
     Unexpected output on stderr:
     Expected one of BANG, FALSE, FOR, FUN, IDENTIFIER, IF, LEFT_BRACE, LEFT_PAREN, MINUS, NIL, NUMBER, PRINT, RIGHT_BRACE, STRING, TRUE, VAR or WHILE
     Missing expected error: [2] Error at 'this': Can't use 'this' outside of a class.


Passed: 81 Failed: 151 Skipped: 8 (test/function/extra_arguments.lox)
FAIL test/function/extra_arguments.lox
     Expected runtime error 'Expected 2 arguments but got 4.' and got:
     Expected 0 arguments but got 4.


Passed: 81 Failed: 152 Skipped: 8 (test/function/too_many_parameters.lox)
FAIL test/function/too_many_parameters.lox
     Unexpected error:
     [line 257] Error: Can't have more than 255 parameters.
     Missing expected error: [257] Error at 'a': Can't have more than 255 parameters.


Passed: 81 Failed: 153 Skipped: 8 (test/function/local_recursion.lox)
FAIL test/function/local_recursion.lox
     Unexpected output on stderr:
     parse error: Unrecognized token `return` found at 3:3
     Unexpected output on stderr:
     Expected one of BANG, FALSE, FOR, IDENTIFIER, IF, LEFT_BRACE, LEFT_PAREN, MINUS, NIL, NUMBER, PRINT, STRING, TRUE or WHILE
     Expected return code 0 and got 65. Stderr:
     parse error: Unrecognized token `return` found at 3:3
     Expected one of BANG, FALSE, FOR, IDENTIFIER, IF, LEFT_BRACE, LEFT_PAREN, MINUS, NIL, NUMBER, PRINT, STRING, TRUE or WHILE
     Missing expected output '21' on line 7.


Passed: 81 Failed: 154 Skipped: 8 (test/function/missing_comma_in_parameters.lox)
FAIL test/function/missing_comma_in_parameters.lox
     Unexpected output on stderr:
     parse error: Unrecognized token `c` found at 3:3
     Unexpected output on stderr:
     Expected one of COMMA or RIGHT_PAREN
     Missing expected error: [3] Error at 'c': Expect ')' after parameters.
     Missing expected error: [4] Error at end: Expect '}' after block.


Passed: 81 Failed: 155 Skipped: 8 (test/function/missing_arguments.lox)
FAIL test/function/missing_arguments.lox
     Expected runtime error 'Expected 2 arguments but got 1.' and got:
     Expected 0 arguments but got 1.


Passed: 81 Failed: 156 Skipped: 8 (test/function/empty_body.lox)
FAIL test/function/empty_body.lox
     Unexpected output on stderr:
     thread 'main' panicked at 'tried to pop from an empty VM stack', src/vm.rs:332:26
     Unexpected output on stderr:
     note: run with `RUST_BACKTRACE=1` environment variable to display a backtrace
     Expected return code 0 and got 101. Stderr:
     thread 'main' panicked at 'tried to pop from an empty VM stack', src/vm.rs:332:26
     note: run with `RUST_BACKTRACE=1` environment variable to display a backtrace


Passed: 81 Failed: 157 Skipped: 8 (test/function/body_must_be_block.lox)
FAIL test/function/body_must_be_block.lox
     Unexpected output on stderr:
     parse error: Unrecognized token `123` found at 3:3
     Unexpected output on stderr:
     Expected one of LEFT_BRACE
     Missing expected error: [3] Error at '123': Expect '{' before function body.
     Missing expected error: [4] Error at end: Expect '}' after block.


Passed: 81 Failed: 158 Skipped: 8 (test/function/recursion.lox)
FAIL test/function/recursion.lox
     Unexpected output on stderr:
     parse error: Unrecognized token `return` found at 2:2
     Unexpected output on stderr:
     Expected one of BANG, FALSE, FOR, IDENTIFIER, IF, LEFT_BRACE, LEFT_PAREN, MINUS, NIL, NUMBER, PRINT, STRING, TRUE or WHILE
     Expected return code 0 and got 65. Stderr:
     parse error: Unrecognized token `return` found at 2:2
     Expected one of BANG, FALSE, FOR, IDENTIFIER, IF, LEFT_BRACE, LEFT_PAREN, MINUS, NIL, NUMBER, PRINT, STRING, TRUE or WHILE
     Missing expected output '21' on line 6.


Passed: 81 Failed: 159 Skipped: 8 (test/function/local_mutual_recursion.lox)
FAIL test/function/local_mutual_recursion.lox
     Expected runtime error 'Undefined variable 'isOdd'.' and got:
     parse error: Unrecognized token `return` found at 3:3
     Expected stack trace and got:
     Expected one of BANG, FALSE, FOR, IDENTIFIER, IF, LEFT_BRACE, LEFT_PAREN, MINUS, NIL, NUMBER, PRINT, STRING, TRUE or WHILE
     Expected return code 70 and got 65. Stderr:
     parse error: Unrecognized token `return` found at 3:3
     Expected one of BANG, FALSE, FOR, IDENTIFIER, IF, LEFT_BRACE, LEFT_PAREN, MINUS, NIL, NUMBER, PRINT, STRING, TRUE or WHILE


Passed: 81 Failed: 160 Skipped: 8 (test/function/print.lox)
FAIL test/function/print.lox
     Unexpected output on stderr:
     Undefined variable 'clock'.
     Unexpected output on stderr:
     [line 4] in script
     Expected return code 0 and got 70. Stderr:
     Undefined variable 'clock'.
     [line 4] in script
     
     Expected output '<fn foo>' on line 2  and got 'foo'.
     Missing expected output '<native fn>' on line 4.


Passed: 81 Failed: 161 Skipped: 8 (test/function/too_many_arguments.lox)
FAIL test/function/too_many_arguments.lox
     Unexpected error:
     [line 260] Error: Can't have more than 255 arguments.
     Missing expected error: [260] Error at 'a': Can't have more than 255 arguments.


Passed: 81 Failed: 162 Skipped: 8 (test/function/mutual_recursion.lox)
FAIL test/function/mutual_recursion.lox
     Unexpected output on stderr:
     parse error: Unrecognized token `return` found at 2:2
     Unexpected output on stderr:
     Expected one of BANG, FALSE, FOR, IDENTIFIER, IF, LEFT_BRACE, LEFT_PAREN, MINUS, NIL, NUMBER, PRINT, STRING, TRUE or WHILE
     Expected return code 0 and got 65. Stderr:
     parse error: Unrecognized token `return` found at 2:2
     Expected one of BANG, FALSE, FOR, IDENTIFIER, IF, LEFT_BRACE, LEFT_PAREN, MINUS, NIL, NUMBER, PRINT, STRING, TRUE or WHILE
     Missing expected output 'true' on line 11.
     Missing expected output 'true' on line 12.


Passed: 81 Failed: 163 Skipped: 8 (test/function/nested_call_with_arguments.lox)
FAIL test/function/nested_call_with_arguments.lox
     Unexpected output on stderr:
     parse error: Unrecognized token `return` found at 2:2
     Unexpected output on stderr:
     Expected one of BANG, FALSE, FOR, FUN, IDENTIFIER, IF, LEFT_BRACE, LEFT_PAREN, MINUS, NIL, NUMBER, PRINT, RIGHT_BRACE, STRING, TRUE, VAR or WHILE
     Expected return code 0 and got 65. Stderr:
     parse error: Unrecognized token `return` found at 2:2
     Expected one of BANG, FALSE, FOR, FUN, IDENTIFIER, IF, LEFT_BRACE, LEFT_PAREN, MINUS, NIL, NUMBER, PRINT, RIGHT_BRACE, STRING, TRUE, VAR or WHILE
     Missing expected output 'hello world' on line 13.


Passed: 81 Failed: 164 Skipped: 8 (test/function/parameters.lox)
FAIL test/function/parameters.lox
     Unexpected output on stderr:
     parse error: Unrecognized token `return` found at 1:1
     Unexpected output on stderr:
     Expected one of BANG, FALSE, FOR, FUN, IDENTIFIER, IF, LEFT_BRACE, LEFT_PAREN, MINUS, NIL, NUMBER, PRINT, RIGHT_BRACE, STRING, TRUE, VAR or WHILE
     Expected return code 0 and got 65. Stderr:
     parse error: Unrecognized token `return` found at 1:1
     Expected one of BANG, FALSE, FOR, FUN, IDENTIFIER, IF, LEFT_BRACE, LEFT_PAREN, MINUS, NIL, NUMBER, PRINT, RIGHT_BRACE, STRING, TRUE, VAR or WHILE
     Missing expected output '0' on line 2.
     Missing expected output '1' on line 5.
     Missing expected output '3' on line 8.
     Missing expected output '6' on line 11.
     Missing expected output '10' on line 14.
     Missing expected output '15' on line 17.
     Missing expected output '21' on line 20.
     Missing expected output '28' on line 23.
     Missing expected output '36' on line 26.


81 tests passed. 165 tests failed.
